<?xml version="1.0"?>
<link_info>
   <banner>TI ARM Linker PC v16.9.1.LTS</banner>
   <copyright>Copyright (c) 1996-2015 Texas Instruments Incorporated</copyright>
   <link_time>0x5927a446</link_time>
   <link_errors>0x0</link_errors>
   <output_file>SSL_REST_API_AWS.out</output_file>
   <entry_point>
      <name>_c_int00</name>
      <address>0x2000cca1</address>
   </entry_point>
   <input_file_list>
      <input_file id="fl-2">
         <path>.\</path>
         <kind>object</kind>
         <file>gpio_if.obj</file>
         <name>gpio_if.obj</name>
      </input_file>
      <input_file id="fl-3">
         <path>.\</path>
         <kind>object</kind>
         <file>main.obj</file>
         <name>main.obj</name>
      </input_file>
      <input_file id="fl-4">
         <path>.\</path>
         <kind>object</kind>
         <file>network_common.obj</file>
         <name>network_common.obj</name>
      </input_file>
      <input_file id="fl-5">
         <path>.\</path>
         <kind>object</kind>
         <file>pin_mux_config.obj</file>
         <name>pin_mux_config.obj</name>
      </input_file>
      <input_file id="fl-6">
         <path>.\</path>
         <kind>object</kind>
         <file>startup_ccs.obj</file>
         <name>startup_ccs.obj</name>
      </input_file>
      <input_file id="fl-7">
         <path>.\</path>
         <kind>object</kind>
         <file>timer_if.obj</file>
         <name>timer_if.obj</name>
      </input_file>
      <input_file id="fl-8">
         <path>.\</path>
         <kind>object</kind>
         <file>uart_if.obj</file>
         <name>uart_if.obj</name>
      </input_file>
      <input_file id="fl-c4">
         <path>C:\ti\ccsv7\tools\compiler\ti-cgt-arm_16.9.1.LTS\lib\</path>
         <kind>archive</kind>
         <file>rtsv7M4_T_le_eabi.lib</file>
         <name>boot.obj</name>
      </input_file>
      <input_file id="fl-c5">
         <path>C:\ti\ccsv7\tools\compiler\ti-cgt-arm_16.9.1.LTS\lib\</path>
         <kind>archive</kind>
         <file>rtsv7M4_T_le_eabi.lib</file>
         <name>copy_decompress_lzss.obj</name>
      </input_file>
      <input_file id="fl-c6">
         <path>C:\ti\ccsv7\tools\compiler\ti-cgt-arm_16.9.1.LTS\lib\</path>
         <kind>archive</kind>
         <file>rtsv7M4_T_le_eabi.lib</file>
         <name>copy_decompress_none.obj</name>
      </input_file>
      <input_file id="fl-c7">
         <path>C:\ti\ccsv7\tools\compiler\ti-cgt-arm_16.9.1.LTS\lib\</path>
         <kind>archive</kind>
         <file>rtsv7M4_T_le_eabi.lib</file>
         <name>copy_zero_init.obj</name>
      </input_file>
      <input_file id="fl-c8">
         <path>C:\ti\ccsv7\tools\compiler\ti-cgt-arm_16.9.1.LTS\lib\</path>
         <kind>archive</kind>
         <file>rtsv7M4_T_le_eabi.lib</file>
         <name>exit.obj</name>
      </input_file>
      <input_file id="fl-c9">
         <path>C:\ti\ccsv7\tools\compiler\ti-cgt-arm_16.9.1.LTS\lib\</path>
         <kind>archive</kind>
         <file>rtsv7M4_T_le_eabi.lib</file>
         <name>memcpy_t2.obj</name>
      </input_file>
      <input_file id="fl-ca">
         <path>C:\ti\ccsv7\tools\compiler\ti-cgt-arm_16.9.1.LTS\lib\</path>
         <kind>archive</kind>
         <file>rtsv7M4_T_le_eabi.lib</file>
         <name>memmov.obj</name>
      </input_file>
      <input_file id="fl-cb">
         <path>C:\ti\ccsv7\tools\compiler\ti-cgt-arm_16.9.1.LTS\lib\</path>
         <kind>archive</kind>
         <file>rtsv7M4_T_le_eabi.lib</file>
         <name>memory.obj</name>
      </input_file>
      <input_file id="fl-cc">
         <path>C:\ti\ccsv7\tools\compiler\ti-cgt-arm_16.9.1.LTS\lib\</path>
         <kind>archive</kind>
         <file>rtsv7M4_T_le_eabi.lib</file>
         <name>memset_t2.obj</name>
      </input_file>
      <input_file id="fl-cd">
         <path>C:\ti\ccsv7\tools\compiler\ti-cgt-arm_16.9.1.LTS\lib\</path>
         <kind>archive</kind>
         <file>rtsv7M4_T_le_eabi.lib</file>
         <name>mpu_init.obj</name>
      </input_file>
      <input_file id="fl-ce">
         <path>C:\ti\ccsv7\tools\compiler\ti-cgt-arm_16.9.1.LTS\lib\</path>
         <kind>archive</kind>
         <file>rtsv7M4_T_le_eabi.lib</file>
         <name>pre_init.obj</name>
      </input_file>
      <input_file id="fl-cf">
         <path>C:\ti\ccsv7\tools\compiler\ti-cgt-arm_16.9.1.LTS\lib\</path>
         <kind>archive</kind>
         <file>rtsv7M4_T_le_eabi.lib</file>
         <name>sprintf.obj</name>
      </input_file>
      <input_file id="fl-d0">
         <path>C:\ti\ccsv7\tools\compiler\ti-cgt-arm_16.9.1.LTS\lib\</path>
         <kind>archive</kind>
         <file>rtsv7M4_T_le_eabi.lib</file>
         <name>stkdepth_vars.obj</name>
      </input_file>
      <input_file id="fl-d1">
         <path>C:\ti\ccsv7\tools\compiler\ti-cgt-arm_16.9.1.LTS\lib\</path>
         <kind>archive</kind>
         <file>rtsv7M4_T_le_eabi.lib</file>
         <name>strcpy.obj</name>
      </input_file>
      <input_file id="fl-d2">
         <path>C:\ti\ccsv7\tools\compiler\ti-cgt-arm_16.9.1.LTS\lib\</path>
         <kind>archive</kind>
         <file>rtsv7M4_T_le_eabi.lib</file>
         <name>strlen.obj</name>
      </input_file>
      <input_file id="fl-d3">
         <path>C:\ti\ccsv7\tools\compiler\ti-cgt-arm_16.9.1.LTS\lib\</path>
         <kind>archive</kind>
         <file>rtsv7M4_T_le_eabi.lib</file>
         <name>vsnprintf.obj</name>
      </input_file>
      <input_file id="fl-d4">
         <path>C:\ti\ccsv7\tools\compiler\ti-cgt-arm_16.9.1.LTS\lib\</path>
         <kind>archive</kind>
         <file>rtsv7M4_T_le_eabi.lib</file>
         <name>_lock.obj</name>
      </input_file>
      <input_file id="fl-d5">
         <path>C:\ti\ccsv7\tools\compiler\ti-cgt-arm_16.9.1.LTS\lib\</path>
         <kind>archive</kind>
         <file>rtsv7M4_T_le_eabi.lib</file>
         <name>_printfi.obj</name>
      </input_file>
      <input_file id="fl-d6">
         <path>C:\ti\ccsv7\tools\compiler\ti-cgt-arm_16.9.1.LTS\lib\</path>
         <kind>archive</kind>
         <file>rtsv7M4_T_le_eabi.lib</file>
         <name>args_main.obj</name>
      </input_file>
      <input_file id="fl-d7">
         <path>C:\ti\ccsv7\tools\compiler\ti-cgt-arm_16.9.1.LTS\lib\</path>
         <kind>archive</kind>
         <file>rtsv7M4_T_le_eabi.lib</file>
         <name>atoi.obj</name>
      </input_file>
      <input_file id="fl-d8">
         <path>C:\ti\ccsv7\tools\compiler\ti-cgt-arm_16.9.1.LTS\lib\</path>
         <kind>archive</kind>
         <file>rtsv7M4_T_le_eabi.lib</file>
         <name>autoinit.obj</name>
      </input_file>
      <input_file id="fl-d9">
         <path>C:\ti\ccsv7\tools\compiler\ti-cgt-arm_16.9.1.LTS\lib\</path>
         <kind>archive</kind>
         <file>rtsv7M4_T_le_eabi.lib</file>
         <name>cpy_tbl.obj</name>
      </input_file>
      <input_file id="fl-da">
         <path>C:\ti\ccsv7\tools\compiler\ti-cgt-arm_16.9.1.LTS\lib\</path>
         <kind>archive</kind>
         <file>rtsv7M4_T_le_eabi.lib</file>
         <name>ctype.obj</name>
      </input_file>
      <input_file id="fl-db">
         <path>C:\ti\ccsv7\tools\compiler\ti-cgt-arm_16.9.1.LTS\lib\</path>
         <kind>archive</kind>
         <file>rtsv7M4_T_le_eabi.lib</file>
         <name>fd_add_t2.obj</name>
      </input_file>
      <input_file id="fl-dc">
         <path>C:\ti\ccsv7\tools\compiler\ti-cgt-arm_16.9.1.LTS\lib\</path>
         <kind>archive</kind>
         <file>rtsv7M4_T_le_eabi.lib</file>
         <name>fd_cmp_t2.obj</name>
      </input_file>
      <input_file id="fl-dd">
         <path>C:\ti\ccsv7\tools\compiler\ti-cgt-arm_16.9.1.LTS\lib\</path>
         <kind>archive</kind>
         <file>rtsv7M4_T_le_eabi.lib</file>
         <name>fd_div_t2.obj</name>
      </input_file>
      <input_file id="fl-de">
         <path>C:\ti\ccsv7\tools\compiler\ti-cgt-arm_16.9.1.LTS\lib\</path>
         <kind>archive</kind>
         <file>rtsv7M4_T_le_eabi.lib</file>
         <name>fd_mul_t2.obj</name>
      </input_file>
      <input_file id="fl-df">
         <path>C:\ti\ccsv7\tools\compiler\ti-cgt-arm_16.9.1.LTS\lib\</path>
         <kind>archive</kind>
         <file>rtsv7M4_T_le_eabi.lib</file>
         <name>fd_toi_t2.obj</name>
      </input_file>
      <input_file id="fl-e0">
         <path>C:\ti\ccsv7\tools\compiler\ti-cgt-arm_16.9.1.LTS\lib\</path>
         <kind>archive</kind>
         <file>rtsv7M4_T_le_eabi.lib</file>
         <name>i_tofd_t2.obj</name>
      </input_file>
      <input_file id="fl-e1">
         <path>C:\ti\ccsv7\tools\compiler\ti-cgt-arm_16.9.1.LTS\lib\</path>
         <kind>archive</kind>
         <file>rtsv7M4_T_le_eabi.lib</file>
         <name>ltoa.obj</name>
      </input_file>
      <input_file id="fl-e2">
         <path>C:\ti\ccsv7\tools\compiler\ti-cgt-arm_16.9.1.LTS\lib\</path>
         <kind>archive</kind>
         <file>rtsv7M4_T_le_eabi.lib</file>
         <name>memccpy.obj</name>
      </input_file>
      <input_file id="fl-e3">
         <path>C:\ti\ccsv7\tools\compiler\ti-cgt-arm_16.9.1.LTS\lib\</path>
         <kind>archive</kind>
         <file>rtsv7M4_T_le_eabi.lib</file>
         <name>s_frexp.obj</name>
      </input_file>
      <input_file id="fl-e4">
         <path>C:\ti\ccsv7\tools\compiler\ti-cgt-arm_16.9.1.LTS\lib\</path>
         <kind>archive</kind>
         <file>rtsv7M4_T_le_eabi.lib</file>
         <name>s_scalbn.obj</name>
      </input_file>
      <input_file id="fl-e5">
         <path>C:\ti\ccsv7\tools\compiler\ti-cgt-arm_16.9.1.LTS\lib\</path>
         <kind>archive</kind>
         <file>rtsv7M4_T_le_eabi.lib</file>
         <name>startup.obj</name>
      </input_file>
      <input_file id="fl-e6">
         <path>C:\ti\ccsv7\tools\compiler\ti-cgt-arm_16.9.1.LTS\lib\</path>
         <kind>archive</kind>
         <file>rtsv7M4_T_le_eabi.lib</file>
         <name>strchr.obj</name>
      </input_file>
      <input_file id="fl-e7">
         <path>C:\ti\ccsv7\tools\compiler\ti-cgt-arm_16.9.1.LTS\lib\</path>
         <kind>archive</kind>
         <file>rtsv7M4_T_le_eabi.lib</file>
         <name>ull_div_t2.obj</name>
      </input_file>
      <input_file id="fl-e8">
         <path>C:\ti\ccsv7\tools\compiler\ti-cgt-arm_16.9.1.LTS\lib\</path>
         <kind>archive</kind>
         <file>rtsv7M4_T_le_eabi.lib</file>
         <name>errno.obj</name>
      </input_file>
      <input_file id="fl-e9">
         <path>C:\ti\ccsv7\tools\compiler\ti-cgt-arm_16.9.1.LTS\lib\</path>
         <kind>archive</kind>
         <file>rtsv7M4_T_le_eabi.lib</file>
         <name>s_copysign.obj</name>
      </input_file>
      <input_file id="fl-ea">
         <path>C:\ti\CC3200SDK_1.3.0\cc3200-sdk\driverlib\ccs\Release\</path>
         <kind>archive</kind>
         <file>driverlib.a</file>
         <name>gpio.obj</name>
      </input_file>
      <input_file id="fl-eb">
         <path>C:\ti\CC3200SDK_1.3.0\cc3200-sdk\driverlib\ccs\Release\</path>
         <kind>archive</kind>
         <file>driverlib.a</file>
         <name>interrupt.obj</name>
      </input_file>
      <input_file id="fl-ec">
         <path>C:\ti\CC3200SDK_1.3.0\cc3200-sdk\driverlib\ccs\Release\</path>
         <kind>archive</kind>
         <file>driverlib.a</file>
         <name>pin.obj</name>
      </input_file>
      <input_file id="fl-ed">
         <path>C:\ti\CC3200SDK_1.3.0\cc3200-sdk\driverlib\ccs\Release\</path>
         <kind>archive</kind>
         <file>driverlib.a</file>
         <name>prcm.obj</name>
      </input_file>
      <input_file id="fl-ee">
         <path>C:\ti\CC3200SDK_1.3.0\cc3200-sdk\driverlib\ccs\Release\</path>
         <kind>archive</kind>
         <file>driverlib.a</file>
         <name>spi.obj</name>
      </input_file>
      <input_file id="fl-ef">
         <path>C:\ti\CC3200SDK_1.3.0\cc3200-sdk\driverlib\ccs\Release\</path>
         <kind>archive</kind>
         <file>driverlib.a</file>
         <name>timer.obj</name>
      </input_file>
      <input_file id="fl-f0">
         <path>C:\ti\CC3200SDK_1.3.0\cc3200-sdk\driverlib\ccs\Release\</path>
         <kind>archive</kind>
         <file>driverlib.a</file>
         <name>uart.obj</name>
      </input_file>
      <input_file id="fl-f1">
         <path>C:\ti\CC3200SDK_1.3.0\cc3200-sdk\driverlib\ccs\Release\</path>
         <kind>archive</kind>
         <file>driverlib.a</file>
         <name>utils.obj</name>
      </input_file>
      <input_file id="fl-f2">
         <path>C:\ti\CC3200SDK_1.3.0\cc3200-sdk\driverlib\ccs\Release\</path>
         <kind>archive</kind>
         <file>driverlib.a</file>
         <name>cpu.obj</name>
      </input_file>
      <input_file id="fl-f3">
         <path>C:\ti\CC3200SDK_1.3.0\cc3200-sdk\driverlib\ccs\Release\</path>
         <kind>archive</kind>
         <file>driverlib.a</file>
         <name>flash.obj</name>
      </input_file>
      <input_file id="fl-f4">
         <path>C:\ti\CC3200SDK_1.3.0\cc3200-sdk\simplelink\ccs\NON_OS\</path>
         <kind>archive</kind>
         <file>simplelink.a</file>
         <name>device.obj</name>
      </input_file>
      <input_file id="fl-f5">
         <path>C:\ti\CC3200SDK_1.3.0\cc3200-sdk\simplelink\ccs\NON_OS\</path>
         <kind>archive</kind>
         <file>simplelink.a</file>
         <name>driver.obj</name>
      </input_file>
      <input_file id="fl-f6">
         <path>C:\ti\CC3200SDK_1.3.0\cc3200-sdk\simplelink\ccs\NON_OS\</path>
         <kind>archive</kind>
         <file>simplelink.a</file>
         <name>netapp.obj</name>
      </input_file>
      <input_file id="fl-f7">
         <path>C:\ti\CC3200SDK_1.3.0\cc3200-sdk\simplelink\ccs\NON_OS\</path>
         <kind>archive</kind>
         <file>simplelink.a</file>
         <name>netcfg.obj</name>
      </input_file>
      <input_file id="fl-f8">
         <path>C:\ti\CC3200SDK_1.3.0\cc3200-sdk\simplelink\ccs\NON_OS\</path>
         <kind>archive</kind>
         <file>simplelink.a</file>
         <name>nonos.obj</name>
      </input_file>
      <input_file id="fl-f9">
         <path>C:\ti\CC3200SDK_1.3.0\cc3200-sdk\simplelink\ccs\NON_OS\</path>
         <kind>archive</kind>
         <file>simplelink.a</file>
         <name>socket.obj</name>
      </input_file>
      <input_file id="fl-fa">
         <path>C:\ti\CC3200SDK_1.3.0\cc3200-sdk\simplelink\ccs\NON_OS\</path>
         <kind>archive</kind>
         <file>simplelink.a</file>
         <name>wlan.obj</name>
      </input_file>
      <input_file id="fl-fb">
         <path>C:\ti\CC3200SDK_1.3.0\cc3200-sdk\simplelink\ccs\NON_OS\</path>
         <kind>archive</kind>
         <file>simplelink.a</file>
         <name>cc_pal.obj</name>
      </input_file>
      <input_file id="fl-fc">
         <path>C:\ti\CC3200SDK_1.3.0\cc3200-sdk\driverlib\ccs\Release\</path>
         <kind>archive</kind>
         <file>driverlib.a</file>
         <name>udma.obj</name>
      </input_file>
   </input_file_list>
   <object_component_list>
      <object_component id="oc-f">
         <name>.intvecs</name>
         <load_address>0x20004000</load_address>
         <run_address>0x20004000</run_address>
         <size>0x400</size>
         <input_file_ref idref="fl-6"/>
      </object_component>
      <object_component id="oc-a8">
         <name>.text</name>
         <load_address>0x20004400</load_address>
         <run_address>0x20004400</run_address>
         <size>0x18a8</size>
         <input_file_ref idref="fl-3"/>
      </object_component>
      <object_component id="oc-47c">
         <name>.text</name>
         <load_address>0x20005ca8</load_address>
         <run_address>0x20005ca8</run_address>
         <size>0x1122</size>
         <input_file_ref idref="fl-d5"/>
      </object_component>
      <object_component id="oc-6c3">
         <name>.text:IntDefaultHandler</name>
         <load_address>0x20006dca</load_address>
         <run_address>0x20006dca</run_address>
         <size>0x2</size>
         <input_file_ref idref="fl-eb"/>
      </object_component>
      <object_component id="oc-6d2">
         <name>.text:_SlDrvMsgRead</name>
         <load_address>0x20006dcc</load_address>
         <run_address>0x20006dcc</run_address>
         <size>0x590</size>
         <input_file_ref idref="fl-f5"/>
      </object_component>
      <object_component id="oc-2b3">
         <name>.text</name>
         <load_address>0x2000735c</load_address>
         <run_address>0x2000735c</run_address>
         <size>0x3d0</size>
         <input_file_ref idref="fl-cb"/>
      </object_component>
      <object_component id="oc-1a3">
         <name>.text</name>
         <load_address>0x2000772c</load_address>
         <run_address>0x2000772c</run_address>
         <size>0x398</size>
         <input_file_ref idref="fl-2"/>
      </object_component>
      <object_component id="oc-f0">
         <name>.text</name>
         <load_address>0x20007ac4</load_address>
         <run_address>0x20007ac4</run_address>
         <size>0x280</size>
         <input_file_ref idref="fl-8"/>
      </object_component>
      <object_component id="oc-19d">
         <name>.text:sl_WlanConnect</name>
         <load_address>0x20007d44</load_address>
         <run_address>0x20007d44</run_address>
         <size>0x27c</size>
         <input_file_ref idref="fl-fa"/>
      </object_component>
      <object_component id="oc-744">
         <name>.text:_SlDrvRxHdrRead</name>
         <load_address>0x20007fc0</load_address>
         <run_address>0x20007fc0</run_address>
         <size>0x24c</size>
         <input_file_ref idref="fl-f5"/>
      </object_component>
      <object_component id="oc-609">
         <name>.text</name>
         <load_address>0x2000820c</load_address>
         <run_address>0x2000820c</run_address>
         <size>0x1f4</size>
         <input_file_ref idref="fl-e7"/>
      </object_component>
      <object_component id="oc-498">
         <name>.text:_SlDrvDataReadOp</name>
         <load_address>0x20008400</load_address>
         <run_address>0x20008400</run_address>
         <size>0x1e4</size>
         <input_file_ref idref="fl-f5"/>
      </object_component>
      <object_component id="oc-311">
         <name>.text:_SlDrvReleasePoolObj</name>
         <load_address>0x200085e4</load_address>
         <run_address>0x200085e4</run_address>
         <size>0x1d0</size>
         <input_file_ref idref="fl-f5"/>
      </object_component>
      <object_component id="oc-632">
         <name>.text</name>
         <load_address>0x200087b4</load_address>
         <run_address>0x200087b4</run_address>
         <size>0x1b6</size>
         <input_file_ref idref="fl-db"/>
      </object_component>
      <object_component id="oc-59">
         <name>.text</name>
         <load_address>0x2000896a</load_address>
         <run_address>0x2000896a</run_address>
         <size>0x2</size>
         <input_file_ref idref="fl-cd"/>
      </object_component>
      <object_component id="oc-2e7">
         <name>.text:_SlDrvDriverCBInit</name>
         <load_address>0x2000896c</load_address>
         <run_address>0x2000896c</run_address>
         <size>0x1b4</size>
         <input_file_ref idref="fl-f5"/>
      </object_component>
      <object_component id="oc-57c">
         <name>.text:_SlDrvMsgWrite</name>
         <load_address>0x20008b20</load_address>
         <run_address>0x20008b20</run_address>
         <size>0x19c</size>
         <input_file_ref idref="fl-f5"/>
      </object_component>
      <object_component id="oc-217">
         <name>.text</name>
         <load_address>0x20008cbc</load_address>
         <run_address>0x20008cbc</run_address>
         <size>0x198</size>
         <input_file_ref idref="fl-7"/>
      </object_component>
      <object_component id="oc-3f6">
         <name>.text:_SlDrvWaitForPoolObj</name>
         <load_address>0x20008e54</load_address>
         <run_address>0x20008e54</run_address>
         <size>0x190</size>
         <input_file_ref idref="fl-f5"/>
      </object_component>
      <object_component id="oc-1d9">
         <name>.text:sl_Connect</name>
         <load_address>0x20008fe4</load_address>
         <run_address>0x20008fe4</run_address>
         <size>0x18c</size>
         <input_file_ref idref="fl-f9"/>
      </object_component>
      <object_component id="oc-197">
         <name>.text:PRCMCC3200MCUInit</name>
         <load_address>0x20009170</load_address>
         <run_address>0x20009170</run_address>
         <size>0x178</size>
         <input_file_ref idref="fl-ed"/>
      </object_component>
      <object_component id="oc-756">
         <name>.text:_SlFindAndSetActiveObj</name>
         <load_address>0x200092e8</load_address>
         <run_address>0x200092e8</run_address>
         <size>0x170</size>
         <input_file_ref idref="fl-f5"/>
      </object_component>
      <object_component id="oc-48a">
         <name>.text:_SlDrvDataWriteOp</name>
         <load_address>0x20009458</load_address>
         <run_address>0x20009458</run_address>
         <size>0x150</size>
         <input_file_ref idref="fl-f5"/>
      </object_component>
      <object_component id="oc-2ed">
         <name>.text:spi_Open</name>
         <load_address>0x200095a8</load_address>
         <run_address>0x200095a8</run_address>
         <size>0x148</size>
         <input_file_ref idref="fl-fb"/>
      </object_component>
      <object_component id="oc-582">
         <name>.text:_SlDrvMsgReadCmdCtx</name>
         <load_address>0x200096f0</load_address>
         <run_address>0x200096f0</run_address>
         <size>0x144</size>
         <input_file_ref idref="fl-f5"/>
      </object_component>
      <object_component id="oc-1bb">
         <name>.text:sl_NetAppDnsGetHostByName</name>
         <load_address>0x20009834</load_address>
         <run_address>0x20009834</run_address>
         <size>0x144</size>
         <input_file_ref idref="fl-f6"/>
      </object_component>
      <object_component id="oc-618">
         <name>.text</name>
         <load_address>0x20009978</load_address>
         <run_address>0x20009978</run_address>
         <size>0x136</size>
         <input_file_ref idref="fl-dd"/>
      </object_component>
      <object_component id="oc-a0">
         <name>.text</name>
         <load_address>0x20009aae</load_address>
         <run_address>0x20009aae</run_address>
         <size>0x2</size>
         <input_file_ref idref="fl-e5"/>
      </object_component>
      <object_component id="oc-23d">
         <name>.text:sl_Send</name>
         <load_address>0x20009ab0</load_address>
         <run_address>0x20009ab0</run_address>
         <size>0x134</size>
         <input_file_ref idref="fl-f9"/>
      </object_component>
      <object_component id="oc-356">
         <name>.text:_SlDrvDriverCBDeinit</name>
         <load_address>0x20009be4</load_address>
         <run_address>0x20009be4</run_address>
         <size>0x130</size>
         <input_file_ref idref="fl-f5"/>
      </object_component>
      <object_component id="oc-7a3">
         <name>.text:_SlDrvNetAppEventHandler</name>
         <load_address>0x20009d14</load_address>
         <run_address>0x20009d14</run_address>
         <size>0x104</size>
         <input_file_ref idref="fl-f6"/>
      </object_component>
      <object_component id="oc-613">
         <name>.text</name>
         <load_address>0x20009e18</load_address>
         <run_address>0x20009e18</run_address>
         <size>0xfc</size>
         <input_file_ref idref="fl-de"/>
      </object_component>
      <object_component id="oc-148">
         <name>.text:sl_Stop</name>
         <load_address>0x20009f14</load_address>
         <run_address>0x20009f14</run_address>
         <size>0xf0</size>
         <input_file_ref idref="fl-f4"/>
      </object_component>
      <object_component id="oc-750">
         <name>.text:spi_Read</name>
         <load_address>0x2000a004</load_address>
         <run_address>0x2000a004</run_address>
         <size>0xf0</size>
         <input_file_ref idref="fl-fb"/>
      </object_component>
      <object_component id="oc-829">
         <name>.text:uDMAChannelTransferSet</name>
         <load_address>0x2000a0f4</load_address>
         <run_address>0x2000a0f4</run_address>
         <size>0xf0</size>
         <input_file_ref idref="fl-fc"/>
      </object_component>
      <object_component id="oc-136">
         <name>.text:sl_Start</name>
         <load_address>0x2000a1e4</load_address>
         <run_address>0x2000a1e4</run_address>
         <size>0xec</size>
         <input_file_ref idref="fl-f4"/>
      </object_component>
      <object_component id="oc-6d8">
         <name>.text:_SlAsyncEventGenericHandler</name>
         <load_address>0x2000a2d0</load_address>
         <run_address>0x2000a2d0</run_address>
         <size>0xe8</size>
         <input_file_ref idref="fl-f5"/>
      </object_component>
      <object_component id="oc-563">
         <name>.text:_SlDrvMsgReadSpawnCtx</name>
         <load_address>0x2000a3b8</load_address>
         <run_address>0x2000a3b8</run_address>
         <size>0xe8</size>
         <input_file_ref idref="fl-f5"/>
      </object_component>
      <object_component id="oc-391">
         <name>.text:sl_NetAppMDNSRegisterUnregisterService</name>
         <load_address>0x2000a4a0</load_address>
         <run_address>0x2000a4a0</run_address>
         <size>0xe4</size>
         <input_file_ref idref="fl-f6"/>
      </object_component>
      <object_component id="oc-74a">
         <name>.text:_SlDrvClassifyRxMsg</name>
         <load_address>0x2000a584</load_address>
         <run_address>0x2000a584</run_address>
         <size>0xdc</size>
         <input_file_ref idref="fl-f5"/>
      </object_component>
      <object_component id="oc-63d">
         <name>.text</name>
         <load_address>0x2000a660</load_address>
         <run_address>0x2000a660</run_address>
         <size>0xd0</size>
         <input_file_ref idref="fl-e4"/>
      </object_component>
      <object_component id="oc-7e7">
         <name>.text:_sl_HandleAsync_DnsGetHostByService</name>
         <load_address>0x2000a730</load_address>
         <run_address>0x2000a730</run_address>
         <size>0xcc</size>
         <input_file_ref idref="fl-f6"/>
      </object_component>
      <object_component id="oc-14e">
         <name>.text:sl_DevGet</name>
         <load_address>0x2000a7fc</load_address>
         <run_address>0x2000a7fc</run_address>
         <size>0xcc</size>
         <input_file_ref idref="fl-f4"/>
      </object_component>
      <object_component id="oc-543">
         <name>.text:_SlRemoveFromList</name>
         <load_address>0x2000a8c8</load_address>
         <run_address>0x2000a8c8</run_address>
         <size>0xc4</size>
         <input_file_ref idref="fl-f5"/>
      </object_component>
      <object_component id="oc-33a">
         <name>.text:_SlDrvCmdOp</name>
         <load_address>0x2000a98c</load_address>
         <run_address>0x2000a98c</run_address>
         <size>0xc0</size>
         <input_file_ref idref="fl-f5"/>
      </object_component>
      <object_component id="oc-1e1">
         <name>.text</name>
         <load_address>0x2000aa4c</load_address>
         <run_address>0x2000aa4c</run_address>
         <size>0xb8</size>
         <input_file_ref idref="fl-5"/>
      </object_component>
      <object_component id="oc-4d2">
         <name>.text:_SlNonOsSemGet</name>
         <load_address>0x2000ab04</load_address>
         <run_address>0x2000ab04</run_address>
         <size>0xb0</size>
         <input_file_ref idref="fl-f8"/>
      </object_component>
      <object_component id="oc-522">
         <name>.text:IntDisable</name>
         <load_address>0x2000abb4</load_address>
         <run_address>0x2000abb4</run_address>
         <size>0xa8</size>
         <input_file_ref idref="fl-eb"/>
      </object_component>
      <object_component id="oc-191">
         <name>.text:IntEnable</name>
         <load_address>0x2000ac5c</load_address>
         <run_address>0x2000ac5c</run_address>
         <size>0xa8</size>
         <input_file_ref idref="fl-eb"/>
      </object_component>
      <object_component id="oc-53c">
         <name>.text:_SlDriverHandleError</name>
         <load_address>0x2000ad04</load_address>
         <run_address>0x2000ad04</run_address>
         <size>0xa4</size>
         <input_file_ref idref="fl-f5"/>
      </object_component>
      <object_component id="oc-1ff">
         <name>.text:SPIConfigSetExpClk</name>
         <load_address>0x2000ada8</load_address>
         <run_address>0x2000ada8</run_address>
         <size>0xa0</size>
         <input_file_ref idref="fl-ee"/>
      </object_component>
      <object_component id="oc-249">
         <name>.text:sl_Recv</name>
         <load_address>0x2000ae48</load_address>
         <run_address>0x2000ae48</run_address>
         <size>0xa0</size>
         <input_file_ref idref="fl-f9"/>
      </object_component>
      <object_component id="oc-41">
         <name>.text</name>
         <load_address>0x2000aee8</load_address>
         <run_address>0x2000aee8</run_address>
         <size>0x9c</size>
         <input_file_ref idref="fl-c9"/>
      </object_component>
      <object_component id="oc-7d9">
         <name>.text:_SlDrvDeviceEventHandler</name>
         <load_address>0x2000af84</load_address>
         <run_address>0x2000af84</run_address>
         <size>0x9a</size>
         <input_file_ref idref="fl-f4"/>
      </object_component>
      <object_component id="oc-1aa">
         <name>.text:sl_DevSet</name>
         <load_address>0x2000b020</load_address>
         <run_address>0x2000b020</run_address>
         <size>0x98</size>
         <input_file_ref idref="fl-f4"/>
      </object_component>
      <object_component id="oc-166">
         <name>.text:sl_NetCfgSet</name>
         <load_address>0x2000b0b8</load_address>
         <run_address>0x2000b0b8</run_address>
         <size>0x98</size>
         <input_file_ref idref="fl-f7"/>
      </object_component>
      <object_component id="oc-1d3">
         <name>.text:sl_SetSockOpt</name>
         <load_address>0x2000b150</load_address>
         <run_address>0x2000b150</run_address>
         <size>0x98</size>
         <input_file_ref idref="fl-f9"/>
      </object_component>
      <object_component id="oc-16c">
         <name>.text:sl_WlanSet</name>
         <load_address>0x2000b1e8</load_address>
         <run_address>0x2000b1e8</run_address>
         <size>0x98</size>
         <input_file_ref idref="fl-fa"/>
      </object_component>
      <object_component id="oc-6e1">
         <name>.text:spi_Write</name>
         <load_address>0x2000b280</load_address>
         <run_address>0x2000b280</run_address>
         <size>0x98</size>
         <input_file_ref idref="fl-fb"/>
      </object_component>
      <object_component id="oc-1f9">
         <name>.text:PRCMPeripheralClockGet</name>
         <load_address>0x2000b318</load_address>
         <run_address>0x2000b318</run_address>
         <size>0x94</size>
         <input_file_ref idref="fl-ed"/>
      </object_component>
      <object_component id="oc-7e1">
         <name>.text:_sl_HandleAsync_DnsGetHostByName</name>
         <load_address>0x2000b3ac</load_address>
         <run_address>0x2000b3ac</run_address>
         <size>0x90</size>
         <input_file_ref idref="fl-f6"/>
      </object_component>
      <object_component id="oc-7a9">
         <name>.text:_sl_HandleAsync_PingResponse</name>
         <load_address>0x2000b43c</load_address>
         <run_address>0x2000b43c</run_address>
         <size>0x90</size>
         <input_file_ref idref="fl-f6"/>
      </object_component>
      <object_component id="oc-154">
         <name>.text:sl_WlanPolicySet</name>
         <load_address>0x2000b4cc</load_address>
         <run_address>0x2000b4cc</run_address>
         <size>0x90</size>
         <input_file_ref idref="fl-fa"/>
      </object_component>
      <object_component id="oc-7b0">
         <name>.text:SetupDMAReceive</name>
         <load_address>0x2000b55c</load_address>
         <run_address>0x2000b55c</run_address>
         <size>0x8c</size>
         <input_file_ref idref="fl-fb"/>
      </object_component>
      <object_component id="oc-761">
         <name>.text:SetupDMASend</name>
         <load_address>0x2000b5e8</load_address>
         <run_address>0x2000b5e8</run_address>
         <size>0x8c</size>
         <input_file_ref idref="fl-fb"/>
      </object_component>
      <object_component id="oc-68c">
         <name>.text:_SlDrvIsTimeoutExpired</name>
         <load_address>0x2000b674</load_address>
         <run_address>0x2000b674</run_address>
         <size>0x8c</size>
         <input_file_ref idref="fl-f5"/>
      </object_component>
      <object_component id="oc-836">
         <name>.text:_sl_HandleAsync_InitComplete</name>
         <load_address>0x2000b700</load_address>
         <run_address>0x2000b700</run_address>
         <size>0x8c</size>
         <input_file_ref idref="fl-f4"/>
      </object_component>
      <object_component id="oc-1cd">
         <name>.text:sl_Socket</name>
         <load_address>0x2000b78c</load_address>
         <run_address>0x2000b78c</run_address>
         <size>0x8c</size>
         <input_file_ref idref="fl-f9"/>
      </object_component>
      <object_component id="oc-5e4">
         <name>.text:PinConfigSet</name>
         <load_address>0x2000b818</load_address>
         <run_address>0x2000b818</run_address>
         <size>0x88</size>
         <input_file_ref idref="fl-ec"/>
      </object_component>
      <object_component id="oc-29b">
         <name>.text</name>
         <load_address>0x2000b8a0</load_address>
         <run_address>0x2000b8a0</run_address>
         <size>0x88</size>
         <input_file_ref idref="fl-d3"/>
      </object_component>
      <object_component id="oc-60e">
         <name>.text:__aeabi_cdcmple</name>
         <load_address>0x2000b928</load_address>
         <run_address>0x2000b928</run_address>
         <size>0x86</size>
         <input_file_ref idref="fl-dc"/>
      </object_component>
      <object_component id="oc-61d">
         <name>.text:__aeabi_cdrcmple</name>
         <load_address>0x2000b9ae</load_address>
         <run_address>0x2000b9ae</run_address>
         <size>0x86</size>
         <input_file_ref idref="fl-dc"/>
      </object_component>
      <object_component id="oc-17e">
         <name>.text:sl_WlanRxFilterSet</name>
         <load_address>0x2000ba34</load_address>
         <run_address>0x2000ba34</run_address>
         <size>0x84</size>
         <input_file_ref idref="fl-fa"/>
      </object_component>
      <object_component id="oc-223">
         <name>.text:GPIOIntTypeSet</name>
         <load_address>0x2000bab8</load_address>
         <run_address>0x2000bab8</run_address>
         <size>0x82</size>
         <input_file_ref idref="fl-ea"/>
      </object_component>
      <object_component id="oc-809">
         <name>.text:_sl_HandleAsync_Connect</name>
         <load_address>0x2000bb3c</load_address>
         <run_address>0x2000bb3c</run_address>
         <size>0x80</size>
         <input_file_ref idref="fl-f9"/>
      </object_component>
      <object_component id="oc-7b6">
         <name>.text:spi_Read_CPU</name>
         <load_address>0x2000bbbc</load_address>
         <run_address>0x2000bbbc</run_address>
         <size>0x80</size>
         <input_file_ref idref="fl-fb"/>
      </object_component>
      <object_component id="oc-76d">
         <name>.text:spi_Write_CPU</name>
         <load_address>0x2000bc3c</load_address>
         <run_address>0x2000bc3c</run_address>
         <size>0x80</size>
         <input_file_ref idref="fl-fb"/>
      </object_component>
      <object_component id="oc-4d">
         <name>.text</name>
         <load_address>0x2000bcbc</load_address>
         <run_address>0x2000bcbc</run_address>
         <size>0x7a</size>
         <input_file_ref idref="fl-cc"/>
      </object_component>
      <object_component id="oc-350">
         <name>.text:spi_Close</name>
         <load_address>0x2000bd38</load_address>
         <run_address>0x2000bd38</run_address>
         <size>0x78</size>
         <input_file_ref idref="fl-fb"/>
      </object_component>
      <object_component id="oc-28f">
         <name>.text:UARTConfigSetExpClk</name>
         <load_address>0x2000bdb0</load_address>
         <run_address>0x2000bdb0</run_address>
         <size>0x76</size>
         <input_file_ref idref="fl-f0"/>
      </object_component>
      <object_component id="oc-13c">
         <name>.text:_SlNonOsMainLoopTask</name>
         <load_address>0x2000be28</load_address>
         <run_address>0x2000be28</run_address>
         <size>0x74</size>
         <input_file_ref idref="fl-f8"/>
      </object_component>
      <object_component id="oc-45c">
         <name>.text:TimerIntRegister</name>
         <load_address>0x2000be9c</load_address>
         <run_address>0x2000be9c</run_address>
         <size>0x70</size>
         <input_file_ref idref="fl-ef"/>
      </object_component>
      <object_component id="oc-65">
         <name>.text</name>
         <load_address>0x2000bf0c</load_address>
         <run_address>0x2000bf0c</run_address>
         <size>0x70</size>
         <input_file_ref idref="fl-d8"/>
      </object_component>
      <object_component id="oc-840">
         <name>.text:_SlDrvCmdSend</name>
         <load_address>0x2000bf7c</load_address>
         <run_address>0x2000bf7c</run_address>
         <size>0x6c</size>
         <input_file_ref idref="fl-f5"/>
      </object_component>
      <object_component id="oc-7f3">
         <name>.text:_sl_NetAppSendTokenValue</name>
         <load_address>0x2000bfe8</load_address>
         <run_address>0x2000bfe8</run_address>
         <size>0x6c</size>
         <input_file_ref idref="fl-f6"/>
      </object_component>
      <object_component id="oc-462">
         <name>.text:TimerIntUnregister</name>
         <load_address>0x2000c054</load_address>
         <run_address>0x2000c054</run_address>
         <size>0x68</size>
         <input_file_ref idref="fl-ef"/>
      </object_component>
      <object_component id="oc-12">
         <name>.text:decompress:lzss</name>
         <load_address>0x2000c0bc</load_address>
         <run_address>0x2000c0bc</run_address>
         <size>0x68</size>
         <input_file_ref idref="fl-c5"/>
      </object_component>
      <object_component id="oc-55d">
         <name>.text:_SlNonOsSpawn</name>
         <load_address>0x2000c124</load_address>
         <run_address>0x2000c124</run_address>
         <size>0x64</size>
         <input_file_ref idref="fl-f8"/>
      </object_component>
      <object_component id="oc-803">
         <name>.text:_sl_HandleAsync_Accept</name>
         <load_address>0x2000c188</load_address>
         <run_address>0x2000c188</run_address>
         <size>0x64</size>
         <input_file_ref idref="fl-f9"/>
      </object_component>
      <object_component id="oc-172">
         <name>.text:sl_NetAppMDNSUnRegisterService</name>
         <load_address>0x2000c1ec</load_address>
         <run_address>0x2000c1ec</run_address>
         <size>0x64</size>
         <input_file_ref idref="fl-f6"/>
      </object_component>
      <object_component id="oc-6a0">
         <name>.text:uDMAChannelAttributeDisable</name>
         <load_address>0x2000c250</load_address>
         <run_address>0x2000c250</run_address>
         <size>0x64</size>
         <input_file_ref idref="fl-fc"/>
      </object_component>
      <object_component id="oc-823">
         <name>.text:uDMAChannelAttributeEnable</name>
         <load_address>0x2000c2b4</load_address>
         <run_address>0x2000c2b4</run_address>
         <size>0x64</size>
         <input_file_ref idref="fl-fc"/>
      </object_component>
      <object_component id="oc-237">
         <name>.text</name>
         <load_address>0x2000c318</load_address>
         <run_address>0x2000c318</run_address>
         <size>0x60</size>
         <input_file_ref idref="fl-cf"/>
      </object_component>
      <object_component id="oc-243">
         <name>.text:sl_Close</name>
         <load_address>0x2000c378</load_address>
         <run_address>0x2000c378</run_address>
         <size>0x60</size>
         <input_file_ref idref="fl-f9"/>
      </object_component>
      <object_component id="oc-15a">
         <name>.text:sl_WlanProfileDel</name>
         <load_address>0x2000c3d8</load_address>
         <run_address>0x2000c3d8</run_address>
         <size>0x60</size>
         <input_file_ref idref="fl-fa"/>
      </object_component>
      <object_component id="oc-142">
         <name>.text:sl_WlanSetMode</name>
         <load_address>0x2000c438</load_address>
         <run_address>0x2000c438</run_address>
         <size>0x60</size>
         <input_file_ref idref="fl-fa"/>
      </object_component>
      <object_component id="oc-637">
         <name>.text</name>
         <load_address>0x2000c498</load_address>
         <run_address>0x2000c498</run_address>
         <size>0x5c</size>
         <input_file_ref idref="fl-e3"/>
      </object_component>
      <object_component id="oc-52e">
         <name>.text:IntPendClear</name>
         <load_address>0x2000c4f4</load_address>
         <run_address>0x2000c4f4</run_address>
         <size>0x58</size>
         <input_file_ref idref="fl-eb"/>
      </object_component>
      <object_component id="oc-1ed">
         <name>.text:PRCMPeripheralReset</name>
         <load_address>0x2000c54c</load_address>
         <run_address>0x2000c54c</run_address>
         <size>0x58</size>
         <input_file_ref idref="fl-ed"/>
      </object_component>
      <object_component id="oc-3d0">
         <name>.text:IntPrioritySet</name>
         <load_address>0x2000c5a4</load_address>
         <run_address>0x2000c5a4</run_address>
         <size>0x54</size>
         <input_file_ref idref="fl-eb"/>
      </object_component>
      <object_component id="oc-323">
         <name>.text:_SlDrvRxIrqHandler</name>
         <load_address>0x2000c5f8</load_address>
         <run_address>0x2000c5f8</run_address>
         <size>0x54</size>
         <input_file_ref idref="fl-f5"/>
      </object_component>
      <object_component id="oc-80f">
         <name>.text:_sl_HandleAsync_Select</name>
         <load_address>0x2000c64c</load_address>
         <run_address>0x2000c64c</run_address>
         <size>0x54</size>
         <input_file_ref idref="fl-f9"/>
      </object_component>
      <object_component id="oc-71">
         <name>.text</name>
         <load_address>0x2000c6a0</load_address>
         <run_address>0x2000c6a0</run_address>
         <size>0x54</size>
         <input_file_ref idref="fl-c8"/>
      </object_component>
      <object_component id="oc-627">
         <name>.text</name>
         <load_address>0x2000c6f4</load_address>
         <run_address>0x2000c6f4</run_address>
         <size>0x54</size>
         <input_file_ref idref="fl-e1"/>
      </object_component>
      <object_component id="oc-815">
         <name>.text:_sl_HandleAsync_Stop</name>
         <load_address>0x2000c748</load_address>
         <run_address>0x2000c748</run_address>
         <size>0x50</size>
         <input_file_ref idref="fl-f4"/>
      </object_component>
      <object_component id="oc-501">
         <name>.text:SPIIntEnable</name>
         <load_address>0x2000c798</load_address>
         <run_address>0x2000c798</run_address>
         <size>0x4c</size>
         <input_file_ref idref="fl-ee"/>
      </object_component>
      <object_component id="oc-6ec">
         <name>.text:SPIIntNumberGet</name>
         <load_address>0x2000c7e4</load_address>
         <run_address>0x2000c7e4</run_address>
         <size>0x4c</size>
         <input_file_ref idref="fl-ee"/>
      </object_component>
      <object_component id="oc-2f3">
         <name>.text:_SlDrvProtectAsyncRespSetting</name>
         <load_address>0x2000c830</load_address>
         <run_address>0x2000c830</run_address>
         <size>0x4c</size>
         <input_file_ref idref="fl-f5"/>
      </object_component>
      <object_component id="oc-427">
         <name>.text:_sl_BuildAddress</name>
         <load_address>0x2000c87c</load_address>
         <run_address>0x2000c87c</run_address>
         <size>0x4c</size>
         <input_file_ref idref="fl-f9"/>
      </object_component>
      <object_component id="oc-649">
         <name>.text</name>
         <load_address>0x2000c8c8</load_address>
         <run_address>0x2000c8c8</run_address>
         <size>0x4c</size>
         <input_file_ref idref="fl-d7"/>
      </object_component>
      <object_component id="oc-9a">
         <name>.text</name>
         <load_address>0x2000c914</load_address>
         <run_address>0x2000c914</run_address>
         <size>0x4c</size>
         <input_file_ref idref="fl-d9"/>
      </object_component>
      <object_component id="oc-69a">
         <name>.text:uDMAChannelAssign</name>
         <load_address>0x2000c960</load_address>
         <run_address>0x2000c960</run_address>
         <size>0x4c</size>
         <input_file_ref idref="fl-fc"/>
      </object_component>
      <object_component id="oc-46a">
         <name>.text:GPIOGetIntNumber</name>
         <load_address>0x2000c9ac</load_address>
         <run_address>0x2000c9ac</run_address>
         <size>0x48</size>
         <input_file_ref idref="fl-ea"/>
      </object_component>
      <object_component id="oc-6ba">
         <name>.text:SPIIntClear</name>
         <load_address>0x2000c9f4</load_address>
         <run_address>0x2000c9f4</run_address>
         <size>0x48</size>
         <input_file_ref idref="fl-ee"/>
      </object_component>
      <object_component id="oc-37c">
         <name>.text:_SlDrvBasicCmd</name>
         <load_address>0x2000ca3c</load_address>
         <run_address>0x2000ca3c</run_address>
         <size>0x48</size>
         <input_file_ref idref="fl-f5"/>
      </object_component>
      <object_component id="oc-622">
         <name>.text</name>
         <load_address>0x2000ca84</load_address>
         <run_address>0x2000ca84</run_address>
         <size>0x48</size>
         <input_file_ref idref="fl-df"/>
      </object_component>
      <object_component id="oc-6aa">
         <name>.text:SPIDmaMaskGet</name>
         <load_address>0x2000cacc</load_address>
         <run_address>0x2000cacc</run_address>
         <size>0x44</size>
         <input_file_ref idref="fl-ee"/>
      </object_component>
      <object_component id="oc-450">
         <name>.text:TimerConfigure</name>
         <load_address>0x2000cb10</load_address>
         <run_address>0x2000cb10</run_address>
         <size>0x44</size>
         <input_file_ref idref="fl-ef"/>
      </object_component>
      <object_component id="oc-30b">
         <name>.text:_SlDrvSyncObjWaitTimeout</name>
         <load_address>0x2000cb54</load_address>
         <run_address>0x2000cb54</run_address>
         <size>0x44</size>
         <input_file_ref idref="fl-f5"/>
      </object_component>
      <object_component id="oc-7c3">
         <name>.text:cc_SetupTransfer</name>
         <load_address>0x2000cb98</load_address>
         <run_address>0x2000cb98</run_address>
         <size>0x44</size>
         <input_file_ref idref="fl-fb"/>
      </object_component>
      <object_component id="oc-1c7">
         <name>.text:sl_Htonl</name>
         <load_address>0x2000cbdc</load_address>
         <run_address>0x2000cbdc</run_address>
         <size>0x42</size>
         <input_file_ref idref="fl-f9"/>
      </object_component>
      <object_component id="oc-5ea">
         <name>.text:PinModeSet</name>
         <load_address>0x2000cc20</load_address>
         <run_address>0x2000cc20</run_address>
         <size>0x40</size>
         <input_file_ref idref="fl-ec"/>
      </object_component>
      <object_component id="oc-484">
         <name>.text:_sl_TruncatePayloadByProtocol</name>
         <load_address>0x2000cc60</load_address>
         <run_address>0x2000cc60</run_address>
         <size>0x40</size>
         <input_file_ref idref="fl-f9"/>
      </object_component>
      <object_component id="oc-24">
         <name>.text</name>
         <load_address>0x2000cca0</load_address>
         <run_address>0x2000cca0</run_address>
         <size>0x40</size>
         <input_file_ref idref="fl-c4"/>
      </object_component>
      <object_component id="oc-2ff">
         <name>.text:NwpRegisterInterruptHandler</name>
         <load_address>0x2000cce0</load_address>
         <run_address>0x2000cce0</run_address>
         <size>0x3e</size>
         <input_file_ref idref="fl-fb"/>
      </object_component>
      <object_component id="oc-7fa">
         <name>.text:CopyPingResultsToReport</name>
         <load_address>0x2000cd1e</load_address>
         <run_address>0x2000cd1e</run_address>
         <size>0x3c</size>
         <input_file_ref idref="fl-f6"/>
      </object_component>
      <object_component id="oc-1e7">
         <name>.text:PRCMPeripheralClkEnable</name>
         <load_address>0x2000cd5c</load_address>
         <run_address>0x2000cd5c</run_address>
         <size>0x3c</size>
         <input_file_ref idref="fl-ed"/>
      </object_component>
      <object_component id="oc-78f">
         <name>.text:simplelink_timerA2_start</name>
         <load_address>0x2000cd98</load_address>
         <run_address>0x2000cd98</run_address>
         <size>0x3c</size>
         <input_file_ref idref="fl-fb"/>
      </object_component>
      <object_component id="oc-1c1">
         <name>.text:sl_Htons</name>
         <load_address>0x2000cdd4</load_address>
         <run_address>0x2000cdd4</run_address>
         <size>0x3c</size>
         <input_file_ref idref="fl-f9"/>
      </object_component>
      <object_component id="oc-81d">
         <name>.text:uDMAChannelControlSet</name>
         <load_address>0x2000ce10</load_address>
         <run_address>0x2000ce10</run_address>
         <size>0x3c</size>
         <input_file_ref idref="fl-fc"/>
      </object_component>
      <object_component id="oc-2f9">
         <name>.text:NwpPowerOff</name>
         <load_address>0x2000ce4c</load_address>
         <run_address>0x2000ce4c</run_address>
         <size>0x38</size>
         <input_file_ref idref="fl-fb"/>
      </object_component>
      <object_component id="oc-160">
         <name>.text:sl_WlanDisconnect</name>
         <load_address>0x2000ce84</load_address>
         <run_address>0x2000ce84</run_address>
         <size>0x38</size>
         <input_file_ref idref="fl-fa"/>
      </object_component>
      <object_component id="oc-437">
         <name>.text:GPIODirModeSet</name>
         <load_address>0x2000cebc</load_address>
         <run_address>0x2000cebc</run_address>
         <size>0x36</size>
         <input_file_ref idref="fl-ea"/>
      </object_component>
      <object_component id="oc-4e3">
         <name>.text:PRCMPeripheralStatusGet</name>
         <load_address>0x2000cef4</load_address>
         <run_address>0x2000cef4</run_address>
         <size>0x34</size>
         <input_file_ref idref="fl-ed"/>
      </object_component>
      <object_component id="oc-4fb">
         <name>.text:SPIFIFOLevelSet</name>
         <load_address>0x2000cf28</load_address>
         <run_address>0x2000cf28</run_address>
         <size>0x34</size>
         <input_file_ref idref="fl-ee"/>
      </object_component>
      <object_component id="oc-431">
         <name>.text:PinTypeGPIO</name>
         <load_address>0x2000cf5c</load_address>
         <run_address>0x2000cf5c</run_address>
         <size>0x30</size>
         <input_file_ref idref="fl-ec"/>
      </object_component>
      <object_component id="oc-4a5">
         <name>.text:UARTDisable</name>
         <load_address>0x2000cf8c</load_address>
         <run_address>0x2000cf8c</run_address>
         <size>0x30</size>
         <input_file_ref idref="fl-f0"/>
      </object_component>
      <object_component id="oc-62d">
         <name>.text</name>
         <load_address>0x2000cfbc</load_address>
         <run_address>0x2000cfbc</run_address>
         <size>0x2e</size>
         <input_file_ref idref="fl-e0"/>
      </object_component>
      <object_component id="oc-305">
         <name>.text:NwpPowerOn</name>
         <load_address>0x2000cfec</load_address>
         <run_address>0x2000cfec</run_address>
         <size>0x2c</size>
         <input_file_ref idref="fl-fb"/>
      </object_component>
      <object_component id="oc-3ad">
         <name>.text:PRCMSysResetCauseGet</name>
         <load_address>0x2000d018</load_address>
         <run_address>0x2000d018</run_address>
         <size>0x2c</size>
         <input_file_ref idref="fl-ed"/>
      </object_component>
      <object_component id="oc-570">
         <name>.text:_SlDrvObjGlobalLockWaitForever</name>
         <load_address>0x2000d044</load_address>
         <run_address>0x2000d044</run_address>
         <size>0x2c</size>
         <input_file_ref idref="fl-f5"/>
      </object_component>
      <object_component id="oc-3fc">
         <name>.text:_SlDrvProtectionObjLockWaitForever</name>
         <load_address>0x2000d070</load_address>
         <run_address>0x2000d070</run_address>
         <size>0x2c</size>
         <input_file_ref idref="fl-f5"/>
      </object_component>
      <object_component id="oc-114">
         <name>.text:TimerLoadSet</name>
         <load_address>0x2000d09c</load_address>
         <run_address>0x2000d09c</run_address>
         <size>0x2a</size>
         <input_file_ref idref="fl-ef"/>
      </object_component>
      <object_component id="oc-456">
         <name>.text:TimerPrescaleSet</name>
         <load_address>0x2000d0c6</load_address>
         <run_address>0x2000d0c6</run_address>
         <size>0x2a</size>
         <input_file_ref idref="fl-ef"/>
      </object_component>
      <object_component id="oc-3bf">
         <name>.text:PRCMPeripheralClkDisable</name>
         <load_address>0x2000d0f0</load_address>
         <run_address>0x2000d0f0</run_address>
         <size>0x28</size>
         <input_file_ref idref="fl-ed"/>
      </object_component>
      <object_component id="oc-576">
         <name>.text:_SlDrvGlobalObjUnLock</name>
         <load_address>0x2000d118</load_address>
         <run_address>0x2000d118</run_address>
         <size>0x28</size>
         <input_file_ref idref="fl-f5"/>
      </object_component>
      <object_component id="oc-402">
         <name>.text:_SlDrvProtectionObjUnLock</name>
         <load_address>0x2000d140</load_address>
         <run_address>0x2000d140</run_address>
         <size>0x28</size>
         <input_file_ref idref="fl-f5"/>
      </object_component>
      <object_component id="oc-408">
         <name>.text:_SlDrvSyncObjWaitForever</name>
         <load_address>0x2000d168</load_address>
         <run_address>0x2000d168</run_address>
         <size>0x28</size>
         <input_file_ref idref="fl-f5"/>
      </object_component>
      <object_component id="oc-667">
         <name>.text:_SlDrvObjLockWaitForever</name>
         <load_address>0x2000d190</load_address>
         <run_address>0x2000d190</run_address>
         <size>0x26</size>
         <input_file_ref idref="fl-f5"/>
      </object_component>
      <object_component id="oc-50d">
         <name>.text:DmaSpiSwIntHandler</name>
         <load_address>0x2000d1b8</load_address>
         <run_address>0x2000d1b8</run_address>
         <size>0x24</size>
         <input_file_ref idref="fl-fb"/>
      </object_component>
      <object_component id="oc-528">
         <name>.text:IntUnregister</name>
         <load_address>0x2000d1dc</load_address>
         <run_address>0x2000d1dc</run_address>
         <size>0x24</size>
         <input_file_ref idref="fl-eb"/>
      </object_component>
      <object_component id="oc-4ab">
         <name>.text:UARTEnable</name>
         <load_address>0x2000d200</load_address>
         <run_address>0x2000d200</run_address>
         <size>0x24</size>
         <input_file_ref idref="fl-f0"/>
      </object_component>
      <object_component id="oc-2ad">
         <name>.text</name>
         <load_address>0x2000d224</load_address>
         <run_address>0x2000d224</run_address>
         <size>0x24</size>
         <input_file_ref idref="fl-ca"/>
      </object_component>
      <object_component id="oc-d8">
         <name>.text:GPIOIntStatus</name>
         <load_address>0x2000d248</load_address>
         <run_address>0x2000d248</run_address>
         <size>0x22</size>
         <input_file_ref idref="fl-ea"/>
      </object_component>
      <object_component id="oc-1f3">
         <name>.text:SPIReset</name>
         <load_address>0x2000d26a</load_address>
         <run_address>0x2000d26a</run_address>
         <size>0x22</size>
         <input_file_ref idref="fl-ee"/>
      </object_component>
      <object_component id="oc-767">
         <name>.text:SPIWordCountSet</name>
         <load_address>0x2000d28c</load_address>
         <run_address>0x2000d28c</run_address>
         <size>0x22</size>
         <input_file_ref idref="fl-ee"/>
      </object_component>
      <object_component id="oc-ea">
         <name>.text:TimerValueSet</name>
         <load_address>0x2000d2ae</load_address>
         <run_address>0x2000d2ae</run_address>
         <size>0x22</size>
         <input_file_ref idref="fl-ef"/>
      </object_component>
      <object_component id="oc-3d6">
         <name>.text:GPIOPinWrite</name>
         <load_address>0x2000d2d0</load_address>
         <run_address>0x2000d2d0</run_address>
         <size>0x20</size>
         <input_file_ref idref="fl-ea"/>
      </object_component>
      <object_component id="oc-470">
         <name>.text:IntRegister</name>
         <load_address>0x2000d2f0</load_address>
         <run_address>0x2000d2f0</run_address>
         <size>0x20</size>
         <input_file_ref idref="fl-eb"/>
      </object_component>
      <object_component id="oc-34a">
         <name>.text:NwpPrePowerOffTimout0</name>
         <load_address>0x2000d310</load_address>
         <run_address>0x2000d310</run_address>
         <size>0x20</size>
         <input_file_ref idref="fl-fb"/>
      </object_component>
      <object_component id="oc-732">
         <name>.text:TimerGetCurrentTimestamp</name>
         <load_address>0x2000d330</load_address>
         <run_address>0x2000d330</run_address>
         <size>0x20</size>
         <input_file_ref idref="fl-fb"/>
      </object_component>
      <object_component id="oc-66d">
         <name>.text:_SlDrvObjUnLock</name>
         <load_address>0x2000d350</load_address>
         <run_address>0x2000d350</run_address>
         <size>0x20</size>
         <input_file_ref idref="fl-f5"/>
      </object_component>
      <object_component id="oc-549">
         <name>.text:_SlDrvSyncObjSignal</name>
         <load_address>0x2000d370</load_address>
         <run_address>0x2000d370</run_address>
         <size>0x20</size>
         <input_file_ref idref="fl-f5"/>
      </object_component>
      <object_component id="oc-21d">
         <name>.text:GPIOIntRegister</name>
         <load_address>0x2000d390</load_address>
         <run_address>0x2000d390</run_address>
         <size>0x1e</size>
         <input_file_ref idref="fl-ea"/>
      </object_component>
      <object_component id="oc-108">
         <name>.text:TimerDisable</name>
         <load_address>0x2000d3ae</load_address>
         <run_address>0x2000d3ae</run_address>
         <size>0x1e</size>
         <input_file_ref idref="fl-ef"/>
      </object_component>
      <object_component id="oc-11a">
         <name>.text:TimerEnable</name>
         <load_address>0x2000d3cc</load_address>
         <run_address>0x2000d3cc</run_address>
         <size>0x1e</size>
         <input_file_ref idref="fl-ef"/>
      </object_component>
      <object_component id="oc-f6">
         <name>.text:TimerIntStatus</name>
         <load_address>0x2000d3ea</load_address>
         <run_address>0x2000d3ea</run_address>
         <size>0x1e</size>
         <input_file_ref idref="fl-ef"/>
      </object_component>
      <object_component id="oc-295">
         <name>.text:UARTCharPut</name>
         <load_address>0x2000d408</load_address>
         <run_address>0x2000d408</run_address>
         <size>0x1e</size>
         <input_file_ref idref="fl-f0"/>
      </object_component>
      <object_component id="oc-4e9">
         <name>.text:cc_UDMAChannelSelect</name>
         <load_address>0x2000d426</load_address>
         <run_address>0x2000d426</run_address>
         <size>0x1e</size>
         <input_file_ref idref="fl-fb"/>
      </object_component>
      <object_component id="oc-e4">
         <name>.text:TimerValueGet</name>
         <load_address>0x2000d444</load_address>
         <run_address>0x2000d444</run_address>
         <size>0x1c</size>
         <input_file_ref idref="fl-ef"/>
      </object_component>
      <object_component id="oc-2a7">
         <name>.text:UARTCharGetNonBlocking</name>
         <load_address>0x2000d460</load_address>
         <run_address>0x2000d460</run_address>
         <size>0x1c</size>
         <input_file_ref idref="fl-f0"/>
      </object_component>
      <object_component id="oc-686">
         <name>.text:_SlDrvStartMeasureTimeout</name>
         <load_address>0x2000d47c</load_address>
         <run_address>0x2000d47c</run_address>
         <size>0x1c</size>
         <input_file_ref idref="fl-f5"/>
      </object_component>
      <object_component id="oc-64f">
         <name>.text</name>
         <load_address>0x2000d498</load_address>
         <run_address>0x2000d498</run_address>
         <size>0x1c</size>
         <input_file_ref idref="fl-e2"/>
      </object_component>
      <object_component id="oc-82f">
         <name>.text:uDMAChannelEnable</name>
         <load_address>0x2000d4b4</load_address>
         <run_address>0x2000d4b4</run_address>
         <size>0x1c</size>
         <input_file_ref idref="fl-fc"/>
      </object_component>
      <object_component id="oc-229">
         <name>.text:GPIOIntEnable</name>
         <load_address>0x2000d4d0</load_address>
         <run_address>0x2000d4d0</run_address>
         <size>0x1a</size>
         <input_file_ref idref="fl-ea"/>
      </object_component>
      <object_component id="oc-43d">
         <name>.text:PinTypeUART</name>
         <load_address>0x2000d4ea</load_address>
         <run_address>0x2000d4ea</run_address>
         <size>0x1a</size>
         <input_file_ref idref="fl-ec"/>
      </object_component>
      <object_component id="oc-59a">
         <name>.text:SPIDmaDisable</name>
         <load_address>0x2000d504</load_address>
         <run_address>0x2000d504</run_address>
         <size>0x1a</size>
         <input_file_ref idref="fl-ee"/>
      </object_component>
      <object_component id="oc-4f5">
         <name>.text:SPIDmaEnable</name>
         <load_address>0x2000d51e</load_address>
         <run_address>0x2000d51e</run_address>
         <size>0x1a</size>
         <input_file_ref idref="fl-ee"/>
      </object_component>
      <object_component id="oc-594">
         <name>.text:SPIFIFODisable</name>
         <load_address>0x2000d538</load_address>
         <run_address>0x2000d538</run_address>
         <size>0x1a</size>
         <input_file_ref idref="fl-ee"/>
      </object_component>
      <object_component id="oc-4ef">
         <name>.text:SPIFIFOEnable</name>
         <load_address>0x2000d552</load_address>
         <run_address>0x2000d552</run_address>
         <size>0x1a</size>
         <input_file_ref idref="fl-ee"/>
      </object_component>
      <object_component id="oc-58e">
         <name>.text:SPIIntUnregister</name>
         <load_address>0x2000d56c</load_address>
         <run_address>0x2000d56c</run_address>
         <size>0x1a</size>
         <input_file_ref idref="fl-ee"/>
      </object_component>
      <object_component id="oc-3e2">
         <name>.text:GPIOPinRead</name>
         <load_address>0x2000d586</load_address>
         <run_address>0x2000d586</run_address>
         <size>0x18</size>
         <input_file_ref idref="fl-ea"/>
      </object_component>
      <object_component id="oc-211">
         <name>.text:SPICSDisable</name>
         <load_address>0x2000d59e</load_address>
         <run_address>0x2000d59e</run_address>
         <size>0x18</size>
         <input_file_ref idref="fl-ee"/>
      </object_component>
      <object_component id="oc-20b">
         <name>.text:SPICSEnable</name>
         <load_address>0x2000d5b6</load_address>
         <run_address>0x2000d5b6</run_address>
         <size>0x18</size>
         <input_file_ref idref="fl-ee"/>
      </object_component>
      <object_component id="oc-4dd">
         <name>.text:SPIDisable</name>
         <load_address>0x2000d5ce</load_address>
         <run_address>0x2000d5ce</run_address>
         <size>0x18</size>
         <input_file_ref idref="fl-ee"/>
      </object_component>
      <object_component id="oc-205">
         <name>.text:SPIEnable</name>
         <load_address>0x2000d5e6</load_address>
         <run_address>0x2000d5e6</run_address>
         <size>0x18</size>
         <input_file_ref idref="fl-ee"/>
      </object_component>
      <object_component id="oc-102">
         <name>.text:TimerIntDisable</name>
         <load_address>0x2000d5fe</load_address>
         <run_address>0x2000d5fe</run_address>
         <size>0x18</size>
         <input_file_ref idref="fl-ef"/>
      </object_component>
      <object_component id="oc-10e">
         <name>.text:TimerIntEnable</name>
         <load_address>0x2000d616</load_address>
         <run_address>0x2000d616</run_address>
         <size>0x18</size>
         <input_file_ref idref="fl-ef"/>
      </object_component>
      <object_component id="oc-2a1">
         <name>.text:UARTCharsAvail</name>
         <load_address>0x2000d62e</load_address>
         <run_address>0x2000d62e</run_address>
         <size>0x18</size>
         <input_file_ref idref="fl-f0"/>
      </object_component>
      <object_component id="oc-4cc">
         <name>.text:_SlNonOsSemSet</name>
         <load_address>0x2000d646</load_address>
         <run_address>0x2000d646</run_address>
         <size>0x18</size>
         <input_file_ref idref="fl-f8"/>
      </object_component>
      <object_component id="oc-317">
         <name>.text:_sl_GetStartResponseConvert</name>
         <load_address>0x2000d660</load_address>
         <run_address>0x2000d660</run_address>
         <size>0x18</size>
         <input_file_ref idref="fl-f4"/>
      </object_component>
      <object_component id="oc-6b">
         <name>.text</name>
         <load_address>0x2000d678</load_address>
         <run_address>0x2000d678</run_address>
         <size>0x18</size>
         <input_file_ref idref="fl-d6"/>
      </object_component>
      <object_component id="oc-3b3">
         <name>.text:PRCMHIBRegRead</name>
         <load_address>0x2000d690</load_address>
         <run_address>0x2000d690</run_address>
         <size>0x16</size>
         <input_file_ref idref="fl-ed"/>
      </object_component>
      <object_component id="oc-3b9">
         <name>.text:PRCMHIBRegWrite</name>
         <load_address>0x2000d6a6</load_address>
         <run_address>0x2000d6a6</run_address>
         <size>0x16</size>
         <input_file_ref idref="fl-ed"/>
      </object_component>
      <object_component id="oc-3c6">
         <name>.text:_SlDrvMemZero</name>
         <load_address>0x2000d6bc</load_address>
         <run_address>0x2000d6bc</run_address>
         <size>0x16</size>
         <input_file_ref idref="fl-f5"/>
      </object_component>
      <object_component id="oc-643">
         <name>.text</name>
         <load_address>0x2000d6d2</load_address>
         <run_address>0x2000d6d2</run_address>
         <size>0x16</size>
         <input_file_ref idref="fl-e6"/>
      </object_component>
      <object_component id="oc-3a2">
         <name>.text:CPUcpsie</name>
         <load_address>0x2000d6e8</load_address>
         <run_address>0x2000d6e8</run_address>
         <size>0x14</size>
         <input_file_ref idref="fl-f2"/>
      </object_component>
      <object_component id="oc-de">
         <name>.text:GPIOIntClear</name>
         <load_address>0x2000d6fc</load_address>
         <run_address>0x2000d6fc</run_address>
         <size>0x14</size>
         <input_file_ref idref="fl-ea"/>
      </object_component>
      <object_component id="oc-185">
         <name>.text:IntVTableBaseSet</name>
         <load_address>0x2000d710</load_address>
         <run_address>0x2000d710</run_address>
         <size>0x14</size>
         <input_file_ref idref="fl-eb"/>
      </object_component>
      <object_component id="oc-26e">
         <name>.text</name>
         <load_address>0x2000d724</load_address>
         <run_address>0x2000d724</run_address>
         <size>0x14</size>
         <input_file_ref idref="fl-d4"/>
      </object_component>
      <object_component id="oc-231">
         <name>.text</name>
         <load_address>0x2000d738</load_address>
         <run_address>0x2000d738</run_address>
         <size>0x14</size>
         <input_file_ref idref="fl-d1"/>
      </object_component>
      <object_component id="oc-1b5">
         <name>.text</name>
         <load_address>0x2000d74c</load_address>
         <run_address>0x2000d74c</run_address>
         <size>0x14</size>
         <input_file_ref idref="fl-d2"/>
      </object_component>
      <object_component id="oc-fc">
         <name>.text:TimerIntClear</name>
         <load_address>0x2000d760</load_address>
         <run_address>0x2000d760</run_address>
         <size>0x12</size>
         <input_file_ref idref="fl-ef"/>
      </object_component>
      <object_component id="oc-7ed">
         <name>.text:_SlDrvDispatchHttpServerEvents</name>
         <load_address>0x2000d772</load_address>
         <run_address>0x2000d772</run_address>
         <size>0x10</size>
         <input_file_ref idref="fl-f5"/>
      </object_component>
      <object_component id="oc-365">
         <name>.text:_SlDrvResetCmdExt</name>
         <load_address>0x2000d782</load_address>
         <run_address>0x2000d782</run_address>
         <size>0xe</size>
         <input_file_ref idref="fl-f5"/>
      </object_component>
      <object_component id="oc-18">
         <name>.text:decompress:none</name>
         <load_address>0x2000d790</load_address>
         <run_address>0x2000d790</run_address>
         <size>0xe</size>
         <input_file_ref idref="fl-c6"/>
      </object_component>
      <object_component id="oc-2d">
         <name>.text</name>
         <load_address>0x2000d79e</load_address>
         <run_address>0x2000d79e</run_address>
         <size>0xe</size>
         <input_file_ref idref="fl-6"/>
      </object_component>
      <object_component id="oc-51b">
         <name>.text:NwpMaskInterrupt</name>
         <load_address>0x2000d7ac</load_address>
         <run_address>0x2000d7ac</run_address>
         <size>0xc</size>
         <input_file_ref idref="fl-fb"/>
      </object_component>
      <object_component id="oc-535">
         <name>.text:NwpUnMaskInterrupt</name>
         <load_address>0x2000d7b8</load_address>
         <run_address>0x2000d7b8</run_address>
         <size>0xc</size>
         <input_file_ref idref="fl-fb"/>
      </object_component>
      <object_component id="oc-1e">
         <name>.text:decompress:ZI</name>
         <load_address>0x2000d7c4</load_address>
         <run_address>0x2000d7c4</run_address>
         <size>0xc</size>
         <input_file_ref idref="fl-c7"/>
      </object_component>
      <object_component id="oc-18b">
         <name>.text:IntMasterEnable</name>
         <load_address>0x2000d7d0</load_address>
         <run_address>0x2000d7d0</run_address>
         <size>0xa</size>
         <input_file_ref idref="fl-eb"/>
      </object_component>
      <object_component id="oc-713">
         <name>.text</name>
         <load_address>0x2000d7da</load_address>
         <run_address>0x2000d7da</run_address>
         <size>0x8</size>
         <input_file_ref idref="fl-e9"/>
      </object_component>
      <object_component id="oc-1a9">
         <name>.text:UtilsDelay</name>
         <load_address>0x2000d7e2</load_address>
         <run_address>0x2000d7e2</run_address>
         <size>0x6</size>
         <input_file_ref idref="fl-f1"/>
      </object_component>
      <object_component id="oc-5f">
         <name>.text</name>
         <load_address>0x2000d7e8</load_address>
         <run_address>0x2000d7e8</run_address>
         <size>0x4</size>
         <input_file_ref idref="fl-ce"/>
      </object_component>
      <object_component id="oc-720">
         <name>.const:.string:_ctypes_</name>
         <load_address>0x2000d7ec</load_address>
         <run_address>0x2000d7ec</run_address>
         <size>0x101</size>
         <input_file_ref idref="fl-da"/>
      </object_component>
      <object_component id="oc-6fb">
         <name>.const:g_ulPinToPadMap</name>
         <load_address>0x2000d8f0</load_address>
         <run_address>0x2000d8f0</run_address>
         <size>0x100</size>
         <input_file_ref idref="fl-ec"/>
      </object_component>
      <object_component id="oc-5c5">
         <name>.const:g_pulRegs</name>
         <load_address>0x2000d9f0</load_address>
         <run_address>0x2000d9f0</run_address>
         <size>0xd4</size>
         <input_file_ref idref="fl-eb"/>
      </object_component>
      <object_component id="oc-444">
         <name>.const:PRCM_PeriphRegsList</name>
         <load_address>0x2000dac4</load_address>
         <run_address>0x2000dac4</run_address>
         <size>0xa8</size>
         <input_file_ref idref="fl-ed"/>
      </object_component>
      <object_component id="oc-3a9">
         <name>.const</name>
         <load_address>0x2000db6c</load_address>
         <run_address>0x2000db6c</run_address>
         <size>0x80</size>
         <input_file_ref idref="fl-eb"/>
      </object_component>
      <object_component id="oc-75d">
         <name>.const:OpcodeTranslateTable</name>
         <load_address>0x2000dbec</load_address>
         <run_address>0x2000dbec</run_address>
         <size>0x3c</size>
         <input_file_ref idref="fl-f5"/>
      </object_component>
      <object_component id="oc-7bd">
         <name>.const:_SlActionLookupTable</name>
         <load_address>0x2000dc28</load_address>
         <run_address>0x2000dc28</run_address>
         <size>0x38</size>
         <input_file_ref idref="fl-f5"/>
      </object_component>
      <object_component id="oc-178">
         <name>.const:$P$T1$2</name>
         <load_address>0x2000dc60</load_address>
         <run_address>0x2000dc60</run_address>
         <size>0x2c</size>
         <input_file_ref idref="fl-3"/>
      </object_component>
      <object_component id="oc-2cf">
         <name>.const:.string</name>
         <load_address>0x2000dc8c</load_address>
         <run_address>0x2000dc8c</run_address>
         <size>0x2c</size>
         <input_file_ref idref="fl-3"/>
      </object_component>
      <object_component id="oc-776">
         <name>.const:g_ppulSPIIntMap</name>
         <load_address>0x2000dcb8</load_address>
         <run_address>0x2000dcb8</run_address>
         <size>0x24</size>
         <input_file_ref idref="fl-ee"/>
      </object_component>
      <object_component id="oc-184">
         <name>.const:.string:$P$T0$1</name>
         <load_address>0x2000dcdc</load_address>
         <run_address>0x2000dcdc</run_address>
         <size>0x22</size>
         <input_file_ref idref="fl-3"/>
      </object_component>
      <object_component id="oc-7a0">
         <name>.const:RxMsgClassLUT</name>
         <load_address>0x2000dd00</load_address>
         <run_address>0x2000dd00</run_address>
         <size>0x20</size>
         <input_file_ref idref="fl-f5"/>
      </object_component>
      <object_component id="oc-73e">
         <name>.const</name>
         <load_address>0x2000dd20</load_address>
         <run_address>0x2000dd20</run_address>
         <size>0x18</size>
         <input_file_ref idref="fl-ee"/>
      </object_component>
      <object_component id="oc-1e0">
         <name>.const:.string:$P$T6$7</name>
         <load_address>0x2000dd38</load_address>
         <run_address>0x2000dd38</run_address>
         <size>0x15</size>
         <input_file_ref idref="fl-3"/>
      </object_component>
      <object_component id="oc-799">
         <name>.const:$P$T0$1</name>
         <load_address>0x2000dd50</load_address>
         <run_address>0x2000dd50</run_address>
         <size>0x14</size>
         <input_file_ref idref="fl-f5"/>
      </object_component>
      <object_component id="oc-692">
         <name>.const:$P$T0$1</name>
         <load_address>0x2000dd64</load_address>
         <run_address>0x2000dd64</run_address>
         <size>0x14</size>
         <input_file_ref idref="fl-f8"/>
      </object_component>
      <object_component id="oc-17b">
         <name>.const:$P$T2$3</name>
         <load_address>0x2000dd78</load_address>
         <run_address>0x2000dd78</run_address>
         <size>0x14</size>
         <input_file_ref idref="fl-3"/>
      </object_component>
      <object_component id="oc-663">
         <name>.const:.string:_SlPayloadByProtocolLUT</name>
         <load_address>0x2000dd8c</load_address>
         <run_address>0x2000dd8c</run_address>
         <size>0x10</size>
         <input_file_ref idref="fl-f9"/>
      </object_component>
      <object_component id="oc-1b0">
         <name>.const:$P$T4$5</name>
         <load_address>0x2000dd9c</load_address>
         <run_address>0x2000dd9c</run_address>
         <size>0xc</size>
         <input_file_ref idref="fl-3"/>
      </object_component>
      <object_component id="oc-1b3">
         <name>.const:.string:$P$T3$4</name>
         <load_address>0x2000dda8</load_address>
         <run_address>0x2000dda8</run_address>
         <size>0xc</size>
         <input_file_ref idref="fl-3"/>
      </object_component>
      <object_component id="oc-1df">
[...]
      </symbol>
      <symbol id="sm-a91">
         <name>TimerIntRegister</name>
         <value>0x2000be9d</value>
         <object_component_ref idref="oc-45c"/>
      </symbol>
      <symbol id="sm-a92">
         <name>TimerEnable</name>
         <value>0x2000d3cd</value>
         <object_component_ref idref="oc-11a"/>
      </symbol>
      <symbol id="sm-a93">
         <name>TimerIntUnregister</name>
         <value>0x2000c055</value>
         <object_component_ref idref="oc-462"/>
      </symbol>
      <symbol id="sm-a94">
         <name>TimerIntStatus</name>
         <value>0x2000d3eb</value>
         <object_component_ref idref="oc-f6"/>
      </symbol>
      <symbol id="sm-a95">
         <name>TimerIntDisable</name>
         <value>0x2000d5ff</value>
         <object_component_ref idref="oc-102"/>
      </symbol>
      <symbol id="sm-a96">
         <name>TimerValueGet</name>
         <value>0x2000d445</value>
         <object_component_ref idref="oc-e4"/>
      </symbol>
      <symbol id="sm-a97">
         <name>TimerPrescaleSet</name>
         <value>0x2000d0c7</value>
         <object_component_ref idref="oc-456"/>
      </symbol>
      <symbol id="sm-a98">
         <name>TimerIntEnable</name>
         <value>0x2000d617</value>
         <object_component_ref idref="oc-10e"/>
      </symbol>
      <symbol id="sm-a99">
         <name>TimerConfigure</name>
         <value>0x2000cb11</value>
         <object_component_ref idref="oc-450"/>
      </symbol>
      <symbol id="sm-a9a">
         <name>TimerIntClear</name>
         <value>0x2000d761</value>
         <object_component_ref idref="oc-fc"/>
      </symbol>
      <symbol id="sm-ad6">
         <name>UARTConfigSetExpClk</name>
         <value>0x2000bdb1</value>
         <object_component_ref idref="oc-28f"/>
      </symbol>
      <symbol id="sm-ad7">
         <name>UARTDisable</name>
         <value>0x2000cf8d</value>
         <object_component_ref idref="oc-4a5"/>
      </symbol>
      <symbol id="sm-ad8">
         <name>UARTCharsAvail</name>
         <value>0x2000d62f</value>
         <object_component_ref idref="oc-2a1"/>
      </symbol>
      <symbol id="sm-ad9">
         <name>UARTCharGetNonBlocking</name>
         <value>0x2000d461</value>
         <object_component_ref idref="oc-2a7"/>
      </symbol>
      <symbol id="sm-ada">
         <name>UARTCharPut</name>
         <value>0x2000d409</value>
         <object_component_ref idref="oc-295"/>
      </symbol>
      <symbol id="sm-adb">
         <name>UARTEnable</name>
         <value>0x2000d201</value>
         <object_component_ref idref="oc-4ab"/>
      </symbol>
      <symbol id="sm-adf">
         <name>UtilsDelay</name>
         <value>0x2000d7e3</value>
         <object_component_ref idref="oc-1a9"/>
      </symbol>
      <symbol id="sm-ae9">
         <name>CPUcpsie</name>
         <value>0x2000d6e9</value>
         <object_component_ref idref="oc-3a2"/>
      </symbol>
      <symbol id="sm-ba0">
         <name>_sl_HandleAsync_InitComplete</name>
         <value>0x2000b701</value>
         <object_component_ref idref="oc-836"/>
      </symbol>
      <symbol id="sm-ba1">
         <name>_SlDrvDeviceEventHandler</name>
         <value>0x2000af85</value>
         <object_component_ref idref="oc-7d9"/>
      </symbol>
      <symbol id="sm-ba2">
         <name>_sl_HandleAsync_Stop</name>
         <value>0x2000c749</value>
         <object_component_ref idref="oc-815"/>
      </symbol>
      <symbol id="sm-ba3">
         <name>sl_DevSet</name>
         <value>0x2000b021</value>
         <object_component_ref idref="oc-1aa"/>
      </symbol>
      <symbol id="sm-ba4">
         <name>sl_Stop</name>
         <value>0x20009f15</value>
         <object_component_ref idref="oc-148"/>
      </symbol>
      <symbol id="sm-ba5">
         <name>sl_Start</name>
         <value>0x2000a1e5</value>
         <object_component_ref idref="oc-136"/>
      </symbol>
      <symbol id="sm-ba6">
         <name>sl_DevGet</name>
         <value>0x2000a7fd</value>
         <object_component_ref idref="oc-14e"/>
      </symbol>
      <symbol id="sm-e55">
         <name>RxIrqCnt</name>
         <value>0x2001f800</value>
      </symbol>
      <symbol id="sm-e56">
         <name>g_bDeviceRestartIsRequired</name>
         <value>0x2001f802</value>
      </symbol>
      <symbol id="sm-e57">
         <name>_SlDrvProtectionObjUnLock</name>
         <value>0x2000d141</value>
         <object_component_ref idref="oc-402"/>
      </symbol>
      <symbol id="sm-e58">
         <name>_SlDrvBasicCmd</name>
         <value>0x2000ca3d</value>
         <object_component_ref idref="oc-37c"/>
      </symbol>
      <symbol id="sm-e59">
         <name>_SlDrvObjUnLock</name>
         <value>0x2000d351</value>
         <object_component_ref idref="oc-66d"/>
      </symbol>
      <symbol id="sm-e5a">
         <name>_SlDrvObjLockWaitForever</name>
         <value>0x2000d191</value>
         <object_component_ref idref="oc-667"/>
      </symbol>
      <symbol id="sm-e5b">
         <name>_SlDrvMsgReadSpawnCtx</name>
         <value>0x2000a3b9</value>
         <object_component_ref idref="oc-563"/>
      </symbol>
      <symbol id="sm-e5c">
         <name>_SlDrvDispatchHttpServerEvents</name>
         <value>0x2000d773</value>
         <object_component_ref idref="oc-7ed"/>
      </symbol>
      <symbol id="sm-e5d">
         <name>_SlDriverHandleError</name>
         <value>0x2000ad05</value>
         <object_component_ref idref="oc-53c"/>
      </symbol>
      <symbol id="sm-e5e">
         <name>_SlDrvDriverCBDeinit</name>
         <value>0x20009be5</value>
         <object_component_ref idref="oc-356"/>
      </symbol>
      <symbol id="sm-e5f">
         <name>_SlDrvStartMeasureTimeout</name>
         <value>0x2000d47d</value>
         <object_component_ref idref="oc-686"/>
      </symbol>
      <symbol id="sm-e60">
         <name>_SlDrvResetCmdExt</name>
         <value>0x2000d783</value>
         <object_component_ref idref="oc-365"/>
      </symbol>
      <symbol id="sm-e61">
         <name>_SlDrvIsTimeoutExpired</name>
         <value>0x2000b675</value>
         <object_component_ref idref="oc-68c"/>
      </symbol>
      <symbol id="sm-e62">
         <name>_SlDrvProtectAsyncRespSetting</name>
         <value>0x2000c831</value>
         <object_component_ref idref="oc-2f3"/>
      </symbol>
      <symbol id="sm-e63">
         <name>_SlDrvReleasePoolObj</name>
         <value>0x200085e5</value>
         <object_component_ref idref="oc-311"/>
      </symbol>
      <symbol id="sm-e64">
         <name>OpcodeTranslateTable</name>
         <value>0x2000dbec</value>
         <object_component_ref idref="oc-75d"/>
      </symbol>
      <symbol id="sm-e65">
         <name>pPingCallBackFunc</name>
         <value>0x2001f554</value>
         <object_component_ref idref="oc-320"/>
      </symbol>
      <symbol id="sm-e66">
         <name>_SlDrvDriverCBInit</name>
         <value>0x2000896d</value>
         <object_component_ref idref="oc-2e7"/>
      </symbol>
      <symbol id="sm-e67">
         <name>g_pCB</name>
         <value>0x2001f550</value>
         <object_component_ref idref="oc-320"/>
      </symbol>
      <symbol id="sm-e68">
         <name>_SlDrvProtectionObjLockWaitForever</name>
         <value>0x2000d071</value>
         <object_component_ref idref="oc-3fc"/>
      </symbol>
      <symbol id="sm-e69">
         <name>_SlDrvCmdOp</name>
         <value>0x2000a98d</value>
         <object_component_ref idref="oc-33a"/>
      </symbol>
      <symbol id="sm-e6a">
         <name>_SlDrvSyncObjWaitTimeout</name>
         <value>0x2000cb55</value>
         <object_component_ref idref="oc-30b"/>
      </symbol>
      <symbol id="sm-e6b">
         <name>_SlDrvGlobalObjUnLock</name>
         <value>0x2000d119</value>
         <object_component_ref idref="oc-576"/>
      </symbol>
      <symbol id="sm-e6c">
         <name>_SlDrvMemZero</name>
         <value>0x2000d6bd</value>
         <object_component_ref idref="oc-3c6"/>
      </symbol>
      <symbol id="sm-e6d">
         <name>_SlDrvWaitForPoolObj</name>
         <value>0x20008e55</value>
         <object_component_ref idref="oc-3f6"/>
      </symbol>
      <symbol id="sm-e6e">
         <name>_SlDrvSyncObjSignal</name>
         <value>0x2000d371</value>
         <object_component_ref idref="oc-549"/>
      </symbol>
      <symbol id="sm-e6f">
         <name>_SlDrvDataReadOp</name>
         <value>0x20008401</value>
         <object_component_ref idref="oc-498"/>
      </symbol>
      <symbol id="sm-e70">
         <name>_SlDrvDataWriteOp</name>
         <value>0x20009459</value>
         <object_component_ref idref="oc-48a"/>
      </symbol>
      <symbol id="sm-e71">
         <name>_SlDrvRxIrqHandler</name>
         <value>0x2000c5f9</value>
         <object_component_ref idref="oc-323"/>
      </symbol>
      <symbol id="sm-e72">
         <name>_SlDrvSyncObjWaitForever</name>
         <value>0x2000d169</value>
         <object_component_ref idref="oc-408"/>
      </symbol>
      <symbol id="sm-e73">
         <name>g_SlDeviceStatus</name>
         <value>0x2001f54c</value>
         <object_component_ref idref="oc-320"/>
      </symbol>
      <symbol id="sm-e74">
         <name>_SlDrvCmdSend</name>
         <value>0x2000bf7d</value>
         <object_component_ref idref="oc-840"/>
      </symbol>
      <symbol id="sm-e75">
         <name>_SlActionLookupTable</name>
         <value>0x2000dc28</value>
         <object_component_ref idref="oc-7bd"/>
      </symbol>
      <symbol id="sm-f1d">
         <name>sl_NetAppMDNSUnRegisterService</name>
         <value>0x2000c1ed</value>
         <object_component_ref idref="oc-172"/>
      </symbol>
      <symbol id="sm-f1e">
         <name>_SlNetAppSendTokenValueCmdCtrl</name>
         <value>0x2000ddf2</value>
         <object_component_ref idref="oc-846"/>
      </symbol>
      <symbol id="sm-f1f">
         <name>sl_NetAppDnsGetHostByName</name>
         <value>0x20009835</value>
         <object_component_ref idref="oc-1bb"/>
      </symbol>
      <symbol id="sm-f20">
         <name>_sl_HandleAsync_DnsGetHostByName</name>
         <value>0x2000b3ad</value>
         <object_component_ref idref="oc-7e1"/>
      </symbol>
      <symbol id="sm-f21">
         <name>_sl_HandleAsync_PingResponse</name>
         <value>0x2000b43d</value>
         <object_component_ref idref="oc-7a9"/>
      </symbol>
      <symbol id="sm-f22">
         <name>_SlDrvNetAppEventHandler</name>
         <value>0x20009d15</value>
         <object_component_ref idref="oc-7a3"/>
      </symbol>
      <symbol id="sm-f23">
         <name>_sl_HandleAsync_DnsGetHostByService</name>
         <value>0x2000a731</value>
         <object_component_ref idref="oc-7e7"/>
      </symbol>
      <symbol id="sm-f24">
         <name>_sl_NetAppSendTokenValue</name>
         <value>0x2000bfe9</value>
         <object_component_ref idref="oc-7f3"/>
      </symbol>
      <symbol id="sm-f25">
         <name>sl_NetAppMDNSRegisterUnregisterService</name>
         <value>0x2000a4a1</value>
         <object_component_ref idref="oc-391"/>
      </symbol>
      <symbol id="sm-f47">
         <name>sl_NetCfgSet</name>
         <value>0x2000b0b9</value>
         <object_component_ref idref="oc-166"/>
      </symbol>
      <symbol id="sm-f8f">
         <name>_SlNonOsSemSet</name>
         <value>0x2000d647</value>
         <object_component_ref idref="oc-4cc"/>
      </symbol>
      <symbol id="sm-f90">
         <name>_SlNonOsSpawn</name>
         <value>0x2000c125</value>
         <object_component_ref idref="oc-55d"/>
      </symbol>
      <symbol id="sm-f91">
         <name>_SlNonOsSemGet</name>
         <value>0x2000ab05</value>
         <object_component_ref idref="oc-4d2"/>
      </symbol>
      <symbol id="sm-f92">
         <name>_SlNonOsMainLoopTask</name>
         <value>0x2000be29</value>
         <object_component_ref idref="oc-13c"/>
      </symbol>
      <symbol id="sm-f93">
         <name>g__SlNonOsCB</name>
         <value>0x2001f4b0</value>
         <object_component_ref idref="oc-335"/>
      </symbol>
      <symbol id="sm-1094">
         <name>sl_Recv</name>
         <value>0x2000ae49</value>
         <object_component_ref idref="oc-249"/>
      </symbol>
      <symbol id="sm-1095">
         <name>sl_Send</name>
         <value>0x20009ab1</value>
         <object_component_ref idref="oc-23d"/>
      </symbol>
      <symbol id="sm-1096">
         <name>_sl_HandleAsync_Connect</name>
         <value>0x2000bb3d</value>
         <object_component_ref idref="oc-809"/>
      </symbol>
      <symbol id="sm-1097">
         <name>sl_Htonl</name>
         <value>0x2000cbdd</value>
         <object_component_ref idref="oc-1c7"/>
      </symbol>
      <symbol id="sm-1098">
         <name>sl_Htons</name>
         <value>0x2000cdd5</value>
         <object_component_ref idref="oc-1c1"/>
      </symbol>
      <symbol id="sm-1099">
         <name>sl_Connect</name>
         <value>0x20008fe5</value>
         <object_component_ref idref="oc-1d9"/>
      </symbol>
      <symbol id="sm-109a">
         <name>sl_Socket</name>
         <value>0x2000b78d</value>
         <object_component_ref idref="oc-1cd"/>
      </symbol>
      <symbol id="sm-109b">
         <name>_sl_HandleAsync_Select</name>
         <value>0x2000c64d</value>
         <object_component_ref idref="oc-80f"/>
      </symbol>
      <symbol id="sm-109c">
         <name>sl_Close</name>
         <value>0x2000c379</value>
         <object_component_ref idref="oc-243"/>
      </symbol>
      <symbol id="sm-109d">
         <name>_sl_HandleAsync_Accept</name>
         <value>0x2000c189</value>
         <object_component_ref idref="oc-803"/>
      </symbol>
      <symbol id="sm-109e">
         <name>sl_SetSockOpt</name>
         <value>0x2000b151</value>
         <object_component_ref idref="oc-1d3"/>
      </symbol>
      <symbol id="sm-1158">
         <name>sl_WlanDisconnect</name>
         <value>0x2000ce85</value>
         <object_component_ref idref="oc-160"/>
      </symbol>
      <symbol id="sm-1159">
         <name>sl_WlanPolicySet</name>
         <value>0x2000b4cd</value>
         <object_component_ref idref="oc-154"/>
      </symbol>
      <symbol id="sm-115a">
         <name>sl_WlanProfileDel</name>
         <value>0x2000c3d9</value>
         <object_component_ref idref="oc-15a"/>
      </symbol>
      <symbol id="sm-115b">
         <name>sl_WlanRxFilterSet</name>
         <value>0x2000ba35</value>
         <object_component_ref idref="oc-17e"/>
      </symbol>
      <symbol id="sm-115c">
         <name>sl_WlanConnect</name>
         <value>0x20007d45</value>
         <object_component_ref idref="oc-19d"/>
      </symbol>
      <symbol id="sm-115d">
         <name>sl_WlanSet</name>
         <value>0x2000b1e9</value>
         <object_component_ref idref="oc-16c"/>
      </symbol>
      <symbol id="sm-115e">
         <name>sl_WlanSetMode</name>
         <value>0x2000c439</value>
         <object_component_ref idref="oc-142"/>
      </symbol>
      <symbol id="sm-127e">
         <name>g_ucDinDout</name>
         <value>0x2001f704</value>
      </symbol>
      <symbol id="sm-127f">
         <name>g_cDummy</name>
         <value>0x2001f803</value>
      </symbol>
      <symbol id="sm-1280">
         <name>NwpMaskInterrupt</name>
         <value>0x2000d7ad</value>
         <object_component_ref idref="oc-51b"/>
      </symbol>
      <symbol id="sm-1281">
         <name>NwpPrePowerOffTimout0</name>
         <value>0x2000d311</value>
         <object_component_ref idref="oc-34a"/>
      </symbol>
      <symbol id="sm-1282">
         <name>NwpRegisterInterruptHandler</name>
         <value>0x2000cce1</value>
         <object_component_ref idref="oc-2ff"/>
      </symbol>
      <symbol id="sm-1283">
         <name>g_pHostIntHdl</name>
         <value>0x2001f584</value>
         <object_component_ref idref="oc-507"/>
      </symbol>
      <symbol id="sm-1284">
         <name>simplelink_timerA2_start</name>
         <value>0x2000cd99</value>
         <object_component_ref idref="oc-78f"/>
      </symbol>
      <symbol id="sm-1285">
         <name>NwpUnMaskInterrupt</name>
         <value>0x2000d7b9</value>
         <object_component_ref idref="oc-535"/>
      </symbol>
      <symbol id="sm-1286">
         <name>NwpPowerOff</name>
         <value>0x2000ce4d</value>
         <object_component_ref idref="oc-2f9"/>
      </symbol>
      <symbol id="sm-1287">
         <name>TimerGetCurrentTimestamp</name>
         <value>0x2000d331</value>
         <object_component_ref idref="oc-732"/>
      </symbol>
      <symbol id="sm-1288">
         <name>spi_Read</name>
         <value>0x2000a005</value>
         <object_component_ref idref="oc-750"/>
      </symbol>
      <symbol id="sm-1289">
         <name>DmaSpiSwIntHandler</name>
         <value>0x2000d1b9</value>
         <object_component_ref idref="oc-50d"/>
      </symbol>
      <symbol id="sm-128a">
         <name>NwpPowerOn</name>
         <value>0x2000cfed</value>
         <object_component_ref idref="oc-305"/>
      </symbol>
      <symbol id="sm-128b">
         <name>spi_Close</name>
         <value>0x2000bd39</value>
         <object_component_ref idref="oc-350"/>
      </symbol>
      <symbol id="sm-128c">
         <name>spi_Write</name>
         <value>0x2000b281</value>
         <object_component_ref idref="oc-6e1"/>
      </symbol>
      <symbol id="sm-128d">
         <name>spi_Open</name>
         <value>0x200095a9</value>
         <object_component_ref idref="oc-2ed"/>
      </symbol>
      <symbol id="sm-128e">
         <name>g_ucDMAEnabled</name>
         <value>0x2001f588</value>
         <object_component_ref idref="oc-507"/>
      </symbol>
      <symbol id="sm-128f">
         <name>g_SpiFd</name>
         <value>0x2001f580</value>
         <object_component_ref idref="oc-507"/>
      </symbol>
      <symbol id="sm-12e6">
         <name>uDMAChannelControlSet</name>
         <value>0x2000ce11</value>
         <object_component_ref idref="oc-81d"/>
      </symbol>
      <symbol id="sm-12e7">
         <name>uDMAChannelAttributeEnable</name>
         <value>0x2000c2b5</value>
         <object_component_ref idref="oc-823"/>
      </symbol>
      <symbol id="sm-12e8">
         <name>uDMAChannelTransferSet</name>
         <value>0x2000a0f5</value>
         <object_component_ref idref="oc-829"/>
      </symbol>
      <symbol id="sm-12e9">
         <name>uDMAChannelAssign</name>
         <value>0x2000c961</value>
         <object_component_ref idref="oc-69a"/>
      </symbol>
      <symbol id="sm-12ea">
         <name>uDMAChannelAttributeDisable</name>
         <value>0x2000c251</value>
         <object_component_ref idref="oc-6a0"/>
      </symbol>
      <symbol id="sm-12eb">
         <name>uDMAChannelEnable</name>
         <value>0x2000d4b5</value>
         <object_component_ref idref="oc-82f"/>
      </symbol>
      <symbol id="sm-12ec">
         <name>__TI_static_base__</name>
         <value>0x2000de30</value>
      </symbol>
      <symbol id="sm-12ef">
         <name>SHT$$INIT_ARRAY$$Limit</name>
         <value>0x0</value>
      </symbol>
      <symbol id="sm-12f0">
         <name>SHT$$INIT_ARRAY$$Base</name>
         <value>0x0</value>
      </symbol>
   </symbol_table>
   <title>Link successful</title>
</link_info>
