******************************************************************************
                  TI ARM Linker PC v16.9.1                     
******************************************************************************
>> Linked Thu May 25 20:43:02 2017

OUTPUT FILE NAME:   <SSL_REST_API_AWS.out>
ENTRY POINT SYMBOL: "_c_int00"  address: 2000cca1


MEMORY CONFIGURATION

         name            origin    length      used     unused   attr    fill
----------------------  --------  ---------  --------  --------  ----  --------
  SRAM_CODE             20004000   00013000  00009f1a  000090e6  RW X
  SRAM_DATA             20017000   00019000  00009808  0000f7f8  RW X


SEGMENT ALLOCATION MAP

run origin  load origin   length   init length attrs members
----------  ----------- ---------- ----------- ----- -------
20004000    20004000    00009f20   00009f20    r-x
  20004000    20004000    00000400   00000400    r-- .intvecs
  20004400    20004400    000093ec   000093ec    r-x .text
  2000d7ec    2000d7ec    0000063e   0000063e    r-- .const
  2000de30    2000de30    000000f0   000000f0    r-- .cinit
20017000    20017000    00008808   00000000    rw-
  20017000    20017000    00008000   00000000    rw- .sysmem
  2001f000    2001f000    0000059c   00000000    rw- .data
  2001f59c    2001f59c    0000026c   00000000    rw- .bss
2002f000    2002f000    00001000   00000000    rw-
  2002f000    2002f000    00001000   00000000    rw- .stack


SECTION ALLOCATION MAP

 output                                  attributes/
section   page    origin      length       input sections
--------  ----  ----------  ----------   ----------------
.intvecs   0    20004000    00000400     
                  20004000    00000400     startup_ccs.obj (.intvecs)

.init_array 
*          0    20004000    00000000     UNINITIALIZED

.text      0    20004400    000093ec     
                  20004400    000018a8     main.obj (.text)
                  20005ca8    00001122     rtsv7M4_T_le_eabi.lib : _printfi.obj (.text)
                  20006dca    00000002     driverlib.a : interrupt.obj (.text:IntDefaultHandler)
                  20006dcc    00000590     simplelink.a : driver.obj (.text:_SlDrvMsgRead)
                  2000735c    000003d0     rtsv7M4_T_le_eabi.lib : memory.obj (.text)
                  2000772c    00000398     gpio_if.obj (.text)
                  20007ac4    00000280     uart_if.obj (.text)
                  20007d44    0000027c     simplelink.a : wlan.obj (.text:sl_WlanConnect)
                  20007fc0    0000024c                  : driver.obj (.text:_SlDrvRxHdrRead)
                  2000820c    000001f4     rtsv7M4_T_le_eabi.lib : ull_div_t2.obj (.text)
                  20008400    000001e4     simplelink.a : driver.obj (.text:_SlDrvDataReadOp)
                  200085e4    000001d0                  : driver.obj (.text:_SlDrvReleasePoolObj)
                  200087b4    000001b6     rtsv7M4_T_le_eabi.lib : fd_add_t2.obj (.text)
                  2000896a    00000002                           : mpu_init.obj (.text)
                  2000896c    000001b4     simplelink.a : driver.obj (.text:_SlDrvDriverCBInit)
                  20008b20    0000019c                  : driver.obj (.text:_SlDrvMsgWrite)
                  20008cbc    00000198     timer_if.obj (.text)
                  20008e54    00000190     simplelink.a : driver.obj (.text:_SlDrvWaitForPoolObj)
                  20008fe4    0000018c                  : socket.obj (.text:sl_Connect)
                  20009170    00000178     driverlib.a : prcm.obj (.text:PRCMCC3200MCUInit)
                  200092e8    00000170     simplelink.a : driver.obj (.text:_SlFindAndSetActiveObj)
                  20009458    00000150                  : driver.obj (.text:_SlDrvDataWriteOp)
                  200095a8    00000148                  : cc_pal.obj (.text:spi_Open)
                  200096f0    00000144                  : driver.obj (.text:_SlDrvMsgReadCmdCtx)
                  20009834    00000144                  : netapp.obj (.text:sl_NetAppDnsGetHostByName)
                  20009978    00000136     rtsv7M4_T_le_eabi.lib : fd_div_t2.obj (.text)
                  20009aae    00000002                           : startup.obj (.text)
                  20009ab0    00000134     simplelink.a : socket.obj (.text:sl_Send)
                  20009be4    00000130                  : driver.obj (.text:_SlDrvDriverCBDeinit)
                  20009d14    00000104                  : netapp.obj (.text:_SlDrvNetAppEventHandler)
                  20009e18    000000fc     rtsv7M4_T_le_eabi.lib : fd_mul_t2.obj (.text)
                  20009f14    000000f0     simplelink.a : device.obj (.text:sl_Stop)
                  2000a004    000000f0                  : cc_pal.obj (.text:spi_Read)
                  2000a0f4    000000f0     driverlib.a : udma.obj (.text:uDMAChannelTransferSet)
                  2000a1e4    000000ec     simplelink.a : device.obj (.text:sl_Start)
                  2000a2d0    000000e8                  : driver.obj (.text:_SlAsyncEventGenericHandler)
                  2000a3b8    000000e8                  : driver.obj (.text:_SlDrvMsgReadSpawnCtx)
                  2000a4a0    000000e4                  : netapp.obj (.text:sl_NetAppMDNSRegisterUnregisterService)
                  2000a584    000000dc                  : driver.obj (.text:_SlDrvClassifyRxMsg)
                  2000a660    000000d0     rtsv7M4_T_le_eabi.lib : s_scalbn.obj (.text)
                  2000a730    000000cc     simplelink.a : netapp.obj (.text:_sl_HandleAsync_DnsGetHostByService)
                  2000a7fc    000000cc                  : device.obj (.text:sl_DevGet)
                  2000a8c8    000000c4                  : driver.obj (.text:_SlRemoveFromList)
                  2000a98c    000000c0                  : driver.obj (.text:_SlDrvCmdOp)
                  2000aa4c    000000b8     pin_mux_config.obj (.text)
                  2000ab04    000000b0     simplelink.a : nonos.obj (.text:_SlNonOsSemGet)
                  2000abb4    000000a8     driverlib.a : interrupt.obj (.text:IntDisable)
                  2000ac5c    000000a8                 : interrupt.obj (.text:IntEnable)
                  2000ad04    000000a4     simplelink.a : driver.obj (.text:_SlDriverHandleError)
                  2000ada8    000000a0     driverlib.a : spi.obj (.text:SPIConfigSetExpClk)
                  2000ae48    000000a0     simplelink.a : socket.obj (.text:sl_Recv)
                  2000aee8    0000009c     rtsv7M4_T_le_eabi.lib : memcpy_t2.obj (.text)
                  2000af84    0000009a     simplelink.a : device.obj (.text:_SlDrvDeviceEventHandler)
                  2000b01e    00000002     --HOLE-- [fill = 0]
                  2000b020    00000098                  : device.obj (.text:sl_DevSet)
                  2000b0b8    00000098                  : netcfg.obj (.text:sl_NetCfgSet)
                  2000b150    00000098                  : socket.obj (.text:sl_SetSockOpt)
                  2000b1e8    00000098                  : wlan.obj (.text:sl_WlanSet)
                  2000b280    00000098                  : cc_pal.obj (.text:spi_Write)
                  2000b318    00000094     driverlib.a : prcm.obj (.text:PRCMPeripheralClockGet)
                  2000b3ac    00000090     simplelink.a : netapp.obj (.text:_sl_HandleAsync_DnsGetHostByName)
                  2000b43c    00000090                  : netapp.obj (.text:_sl_HandleAsync_PingResponse)
                  2000b4cc    00000090                  : wlan.obj (.text:sl_WlanPolicySet)
                  2000b55c    0000008c                  : cc_pal.obj (.text:SetupDMAReceive)
                  2000b5e8    0000008c                  : cc_pal.obj (.text:SetupDMASend)
                  2000b674    0000008c                  : driver.obj (.text:_SlDrvIsTimeoutExpired)
                  2000b700    0000008c                  : device.obj (.text:_sl_HandleAsync_InitComplete)
                  2000b78c    0000008c                  : socket.obj (.text:sl_Socket)
                  2000b818    00000088     driverlib.a : pin.obj (.text:PinConfigSet)
                  2000b8a0    00000088     rtsv7M4_T_le_eabi.lib : vsnprintf.obj (.text)
                  2000b928    00000086                           : fd_cmp_t2.obj (.text:__aeabi_cdcmple)
                  2000b9ae    00000086                           : fd_cmp_t2.obj (.text:__aeabi_cdrcmple)
                  2000ba34    00000084     simplelink.a : wlan.obj (.text:sl_WlanRxFilterSet)
                  2000bab8    00000082     driverlib.a : gpio.obj (.text:GPIOIntTypeSet)
                  2000bb3a    00000002     --HOLE-- [fill = 0]
                  2000bb3c    00000080     simplelink.a : socket.obj (.text:_sl_HandleAsync_Connect)
                  2000bbbc    00000080                  : cc_pal.obj (.text:spi_Read_CPU)
                  2000bc3c    00000080                  : cc_pal.obj (.text:spi_Write_CPU)
                  2000bcbc    0000007a     rtsv7M4_T_le_eabi.lib : memset_t2.obj (.text)
                  2000bd36    00000002     --HOLE-- [fill = 0]
                  2000bd38    00000078     simplelink.a : cc_pal.obj (.text:spi_Close)
                  2000bdb0    00000076     driverlib.a : uart.obj (.text:UARTConfigSetExpClk)
                  2000be26    00000002     --HOLE-- [fill = 0]
                  2000be28    00000074     simplelink.a : nonos.obj (.text:_SlNonOsMainLoopTask)
                  2000be9c    00000070     driverlib.a : timer.obj (.text:TimerIntRegister)
                  2000bf0c    00000070     rtsv7M4_T_le_eabi.lib : autoinit.obj (.text)
                  2000bf7c    0000006c     simplelink.a : driver.obj (.text:_SlDrvCmdSend)
                  2000bfe8    0000006c                  : netapp.obj (.text:_sl_NetAppSendTokenValue)
                  2000c054    00000068     driverlib.a : timer.obj (.text:TimerIntUnregister)
                  2000c0bc    00000068     rtsv7M4_T_le_eabi.lib : copy_decompress_lzss.obj (.text:decompress:lzss)
                  2000c124    00000064     simplelink.a : nonos.obj (.text:_SlNonOsSpawn)
                  2000c188    00000064                  : socket.obj (.text:_sl_HandleAsync_Accept)
                  2000c1ec    00000064                  : netapp.obj (.text:sl_NetAppMDNSUnRegisterService)
                  2000c250    00000064     driverlib.a : udma.obj (.text:uDMAChannelAttributeDisable)
                  2000c2b4    00000064                 : udma.obj (.text:uDMAChannelAttributeEnable)
                  2000c318    00000060     rtsv7M4_T_le_eabi.lib : sprintf.obj (.text)
                  2000c378    00000060     simplelink.a : socket.obj (.text:sl_Close)
                  2000c3d8    00000060                  : wlan.obj (.text:sl_WlanProfileDel)
                  2000c438    00000060                  : wlan.obj (.text:sl_WlanSetMode)
                  2000c498    0000005c     rtsv7M4_T_le_eabi.lib : s_frexp.obj (.text)
                  2000c4f4    00000058     driverlib.a : interrupt.obj (.text:IntPendClear)
                  2000c54c    00000058                 : prcm.obj (.text:PRCMPeripheralReset)
                  2000c5a4    00000054                 : interrupt.obj (.text:IntPrioritySet)
                  2000c5f8    00000054     simplelink.a : driver.obj (.text:_SlDrvRxIrqHandler)
                  2000c64c    00000054                  : socket.obj (.text:_sl_HandleAsync_Select)
                  2000c6a0    00000054     rtsv7M4_T_le_eabi.lib : exit.obj (.text)
                  2000c6f4    00000054                           : ltoa.obj (.text)
                  2000c748    00000050     simplelink.a : device.obj (.text:_sl_HandleAsync_Stop)
                  2000c798    0000004c     driverlib.a : spi.obj (.text:SPIIntEnable)
                  2000c7e4    0000004c                 : spi.obj (.text:SPIIntNumberGet)
                  2000c830    0000004c     simplelink.a : driver.obj (.text:_SlDrvProtectAsyncRespSetting)
                  2000c87c    0000004c                  : socket.obj (.text:_sl_BuildAddress)
                  2000c8c8    0000004c     rtsv7M4_T_le_eabi.lib : atoi.obj (.text)
                  2000c914    0000004c                           : cpy_tbl.obj (.text)
                  2000c960    0000004c     driverlib.a : udma.obj (.text:uDMAChannelAssign)
                  2000c9ac    00000048                 : gpio.obj (.text:GPIOGetIntNumber)
                  2000c9f4    00000048                 : spi.obj (.text:SPIIntClear)
                  2000ca3c    00000048     simplelink.a : driver.obj (.text:_SlDrvBasicCmd)
                  2000ca84    00000048     rtsv7M4_T_le_eabi.lib : fd_toi_t2.obj (.text)
                  2000cacc    00000044     driverlib.a : spi.obj (.text:SPIDmaMaskGet)
                  2000cb10    00000044                 : timer.obj (.text:TimerConfigure)
                  2000cb54    00000044     simplelink.a : driver.obj (.text:_SlDrvSyncObjWaitTimeout)
                  2000cb98    00000044                  : cc_pal.obj (.text:cc_SetupTransfer)
                  2000cbdc    00000042                  : socket.obj (.text:sl_Htonl)
                  2000cc1e    00000002     --HOLE-- [fill = 0]
                  2000cc20    00000040     driverlib.a : pin.obj (.text:PinModeSet)
                  2000cc60    00000040     simplelink.a : socket.obj (.text:_sl_TruncatePayloadByProtocol)
                  2000cca0    00000040     rtsv7M4_T_le_eabi.lib : boot.obj (.text)
                  2000cce0    0000003e     simplelink.a : cc_pal.obj (.text:NwpRegisterInterruptHandler)
                  2000cd1e    0000003c                  : netapp.obj (.text:CopyPingResultsToReport)
                  2000cd5a    00000002     --HOLE-- [fill = 0]
                  2000cd5c    0000003c     driverlib.a : prcm.obj (.text:PRCMPeripheralClkEnable)
                  2000cd98    0000003c     simplelink.a : cc_pal.obj (.text:simplelink_timerA2_start)
                  2000cdd4    0000003c                  : socket.obj (.text:sl_Htons)
                  2000ce10    0000003c     driverlib.a : udma.obj (.text:uDMAChannelControlSet)
                  2000ce4c    00000038     simplelink.a : cc_pal.obj (.text:NwpPowerOff)
                  2000ce84    00000038                  : wlan.obj (.text:sl_WlanDisconnect)
                  2000cebc    00000036     driverlib.a : gpio.obj (.text:GPIODirModeSet)
                  2000cef2    00000002     --HOLE-- [fill = 0]
                  2000cef4    00000034                 : prcm.obj (.text:PRCMPeripheralStatusGet)
                  2000cf28    00000034                 : spi.obj (.text:SPIFIFOLevelSet)
                  2000cf5c    00000030                 : pin.obj (.text:PinTypeGPIO)
                  2000cf8c    00000030                 : uart.obj (.text:UARTDisable)
                  2000cfbc    0000002e     rtsv7M4_T_le_eabi.lib : i_tofd_t2.obj (.text)
                  2000cfea    00000002     --HOLE-- [fill = 0]
                  2000cfec    0000002c     simplelink.a : cc_pal.obj (.text:NwpPowerOn)
                  2000d018    0000002c     driverlib.a : prcm.obj (.text:PRCMSysResetCauseGet)
                  2000d044    0000002c     simplelink.a : driver.obj (.text:_SlDrvObjGlobalLockWaitForever)
                  2000d070    0000002c                  : driver.obj (.text:_SlDrvProtectionObjLockWaitForever)
                  2000d09c    0000002a     driverlib.a : timer.obj (.text:TimerLoadSet)
                  2000d0c6    0000002a                 : timer.obj (.text:TimerPrescaleSet)
                  2000d0f0    00000028                 : prcm.obj (.text:PRCMPeripheralClkDisable)
                  2000d118    00000028     simplelink.a : driver.obj (.text:_SlDrvGlobalObjUnLock)
                  2000d140    00000028                  : driver.obj (.text:_SlDrvProtectionObjUnLock)
                  2000d168    00000028                  : driver.obj (.text:_SlDrvSyncObjWaitForever)
                  2000d190    00000026                  : driver.obj (.text:_SlDrvObjLockWaitForever)
                  2000d1b6    00000002     --HOLE-- [fill = 0]
                  2000d1b8    00000024                  : cc_pal.obj (.text:DmaSpiSwIntHandler)
                  2000d1dc    00000024     driverlib.a : interrupt.obj (.text:IntUnregister)
                  2000d200    00000024                 : uart.obj (.text:UARTEnable)
                  2000d224    00000024     rtsv7M4_T_le_eabi.lib : memmov.obj (.text)
                  2000d248    00000022     driverlib.a : gpio.obj (.text:GPIOIntStatus)
                  2000d26a    00000022                 : spi.obj (.text:SPIReset)
                  2000d28c    00000022                 : spi.obj (.text:SPIWordCountSet)
                  2000d2ae    00000022                 : timer.obj (.text:TimerValueSet)
                  2000d2d0    00000020                 : gpio.obj (.text:GPIOPinWrite)
                  2000d2f0    00000020                 : interrupt.obj (.text:IntRegister)
                  2000d310    00000020     simplelink.a : cc_pal.obj (.text:NwpPrePowerOffTimout0)
                  2000d330    00000020                  : cc_pal.obj (.text:TimerGetCurrentTimestamp)
                  2000d350    00000020                  : driver.obj (.text:_SlDrvObjUnLock)
                  2000d370    00000020                  : driver.obj (.text:_SlDrvSyncObjSignal)
                  2000d390    0000001e     driverlib.a : gpio.obj (.text:GPIOIntRegister)
                  2000d3ae    0000001e                 : timer.obj (.text:TimerDisable)
                  2000d3cc    0000001e                 : timer.obj (.text:TimerEnable)
                  2000d3ea    0000001e                 : timer.obj (.text:TimerIntStatus)
                  2000d408    0000001e                 : uart.obj (.text:UARTCharPut)
                  2000d426    0000001e     simplelink.a : cc_pal.obj (.text:cc_UDMAChannelSelect)
                  2000d444    0000001c     driverlib.a : timer.obj (.text:TimerValueGet)
                  2000d460    0000001c                 : uart.obj (.text:UARTCharGetNonBlocking)
                  2000d47c    0000001c     simplelink.a : driver.obj (.text:_SlDrvStartMeasureTimeout)
                  2000d498    0000001c     rtsv7M4_T_le_eabi.lib : memccpy.obj (.text)
                  2000d4b4    0000001c     driverlib.a : udma.obj (.text:uDMAChannelEnable)
                  2000d4d0    0000001a                 : gpio.obj (.text:GPIOIntEnable)
                  2000d4ea    0000001a                 : pin.obj (.text:PinTypeUART)
                  2000d504    0000001a                 : spi.obj (.text:SPIDmaDisable)
                  2000d51e    0000001a                 : spi.obj (.text:SPIDmaEnable)
                  2000d538    0000001a                 : spi.obj (.text:SPIFIFODisable)
                  2000d552    0000001a                 : spi.obj (.text:SPIFIFOEnable)
                  2000d56c    0000001a                 : spi.obj (.text:SPIIntUnregister)
                  2000d586    00000018                 : gpio.obj (.text:GPIOPinRead)
                  2000d59e    00000018                 : spi.obj (.text:SPICSDisable)
                  2000d5b6    00000018                 : spi.obj (.text:SPICSEnable)
                  2000d5ce    00000018                 : spi.obj (.text:SPIDisable)
                  2000d5e6    00000018                 : spi.obj (.text:SPIEnable)
                  2000d5fe    00000018                 : timer.obj (.text:TimerIntDisable)
                  2000d616    00000018                 : timer.obj (.text:TimerIntEnable)
                  2000d62e    00000018                 : uart.obj (.text:UARTCharsAvail)
                  2000d646    00000018     simplelink.a : nonos.obj (.text:_SlNonOsSemSet)
                  2000d65e    00000002     --HOLE-- [fill = 0]
                  2000d660    00000018                  : device.obj (.text:_sl_GetStartResponseConvert)
                  2000d678    00000018     rtsv7M4_T_le_eabi.lib : args_main.obj (.text)
                  2000d690    00000016     driverlib.a : prcm.obj (.text:PRCMHIBRegRead)
                  2000d6a6    00000016                 : prcm.obj (.text:PRCMHIBRegWrite)
                  2000d6bc    00000016     simplelink.a : driver.obj (.text:_SlDrvMemZero)
                  2000d6d2    00000016     rtsv7M4_T_le_eabi.lib : strchr.obj (.text)
                  2000d6e8    00000014     driverlib.a : cpu.obj (.text:CPUcpsie)
                  2000d6fc    00000014                 : gpio.obj (.text:GPIOIntClear)
                  2000d710    00000014                 : interrupt.obj (.text:IntVTableBaseSet)
                  2000d724    00000014     rtsv7M4_T_le_eabi.lib : _lock.obj (.text)
                  2000d738    00000014                           : strcpy.obj (.text)
                  2000d74c    00000014                           : strlen.obj (.text)
                  2000d760    00000012     driverlib.a : timer.obj (.text:TimerIntClear)
                  2000d772    00000010     simplelink.a : driver.obj (.text:_SlDrvDispatchHttpServerEvents)
                  2000d782    0000000e                  : driver.obj (.text:_SlDrvResetCmdExt)
                  2000d790    0000000e     rtsv7M4_T_le_eabi.lib : copy_decompress_none.obj (.text:decompress:none)
                  2000d79e    0000000e     startup_ccs.obj (.text)
                  2000d7ac    0000000c     simplelink.a : cc_pal.obj (.text:NwpMaskInterrupt)
                  2000d7b8    0000000c                  : cc_pal.obj (.text:NwpUnMaskInterrupt)
                  2000d7c4    0000000c     rtsv7M4_T_le_eabi.lib : copy_zero_init.obj (.text:decompress:ZI)
                  2000d7d0    0000000a     driverlib.a : interrupt.obj (.text:IntMasterEnable)
                  2000d7da    00000008     rtsv7M4_T_le_eabi.lib : s_copysign.obj (.text)
                  2000d7e2    00000006     driverlib.a : utils.obj (.text:UtilsDelay)
                  2000d7e8    00000004     rtsv7M4_T_le_eabi.lib : pre_init.obj (.text)

.const     0    2000d7ec    0000063e     
                  2000d7ec    00000101     rtsv7M4_T_le_eabi.lib : ctype.obj (.const:.string:_ctypes_)
                  2000d8ed    00000003     --HOLE-- [fill = 0]
                  2000d8f0    00000100     driverlib.a : pin.obj (.const:g_ulPinToPadMap)
                  2000d9f0    000000d4                 : interrupt.obj (.const:g_pulRegs)
                  2000dac4    000000a8                 : prcm.obj (.const:PRCM_PeriphRegsList)
                  2000db6c    00000080                 : interrupt.obj (.const)
                  2000dbec    0000003c     simplelink.a : driver.obj (.const:OpcodeTranslateTable)
                  2000dc28    00000038                  : driver.obj (.const:_SlActionLookupTable)
                  2000dc60    0000002c     main.obj (.const:$P$T1$2)
                  2000dc8c    0000002c     main.obj (.const:.string)
                  2000dcb8    00000024     driverlib.a : spi.obj (.const:g_ppulSPIIntMap)
                  2000dcdc    00000022     main.obj (.const:.string:$P$T0$1)
                  2000dcfe    00000002     --HOLE-- [fill = 0]
                  2000dd00    00000020     simplelink.a : driver.obj (.const:RxMsgClassLUT)
                  2000dd20    00000018     driverlib.a : spi.obj (.const)
                  2000dd38    00000015     main.obj (.const:.string:$P$T6$7)
                  2000dd4d    00000003     --HOLE-- [fill = 0]
                  2000dd50    00000014     simplelink.a : driver.obj (.const:$P$T0$1)
                  2000dd64    00000014                  : nonos.obj (.const:$P$T0$1)
                  2000dd78    00000014     main.obj (.const:$P$T2$3)
                  2000dd8c    00000010     simplelink.a : socket.obj (.const:.string:_SlPayloadByProtocolLUT)
                  2000dd9c    0000000c     main.obj (.const:$P$T4$5)
                  2000dda8    0000000c     main.obj (.const:.string:$P$T3$4)
                  2000ddb4    00000009     main.obj (.const:.string:$P$T5$6)
                  2000ddbd    00000008     simplelink.a : device.obj (.const:StartResponseLUT)
                  2000ddc5    00000003     --HOLE-- [fill = 0]
                  2000ddc8    00000008                  : driver.obj (.const:g_H2NCnysPattern)
                  2000ddd0    00000008                  : driver.obj (.const:g_H2NSyncPattern)
                  2000ddd8    00000005     main.obj (.const:.string:$P$T7$8)
                  2000dddd    00000001     --HOLE-- [fill = 0]
                  2000ddde    00000004     simplelink.a : wlan.obj (.const:$P$T0$1)
                  2000dde2    00000004                  : socket.obj (.const:$P$T2$3)
                  2000dde6    00000004                  : device.obj (.const:_SlDeviceGetCmdCtrl)
                  2000ddea    00000004                  : device.obj (.const:_SlDeviceSetCmdCtrl)
                  2000ddee    00000004                  : netapp.obj (.const:_SlGetHostByNameCtrl)
                  2000ddf2    00000004                  : netapp.obj (.const:_SlNetAppSendTokenValueCmdCtrl)
                  2000ddf6    00000004                  : netcfg.obj (.const:_SlNetCfgSetCmdCtrl)
                  2000ddfa    00000004                  : wlan.obj (.const:_SlPolicySetCmdCtrl)
                  2000ddfe    00000004                  : wlan.obj (.const:_SlProfileDelCmdCtrl)
                  2000de02    00000004                  : socket.obj (.const:_SlRecvCmdCtrl)
                  2000de06    00000004                  : netapp.obj (.const:_SlRegisterServiceCtrl)
                  2000de0a    00000004                  : wlan.obj (.const:_SlRxFilterSetCmdCtrl)
                  2000de0e    00000004                  : socket.obj (.const:_SlSendCmdCtrl)
                  2000de12    00000004                  : socket.obj (.const:_SlSetSockOptCmdCtrl)
                  2000de16    00000004                  : socket.obj (.const:_SlSockCloseCmdCtrl)
                  2000de1a    00000004                  : socket.obj (.const:_SlSockSocketCmdCtrl)
                  2000de1e    00000004                  : device.obj (.const:_SlStopCmdCtrl)
                  2000de22    00000004                  : wlan.obj (.const:_SlWlanCfgSetCmdCtrl)
                  2000de26    00000004                  : wlan.obj (.const:_SlWlanSetModeCmdCtrl)

.cinit     0    2000de30    000000f0     
                  2000de30    000000c8     (.cinit..data.load) [load image, compression = lzss]
                  2000def8    0000000c     (__TI_handler_table)
                  2000df04    00000004     --HOLE-- [fill = 0]
                  2000df08    00000008     (.cinit..bss.load) [load image, compression = zero_init]
                  2000df10    00000010     (__TI_cinit_table)

.sysmem    0    20017000    00008000     UNINITIALIZED
                  20017000    00000008     rtsv7M4_T_le_eabi.lib : memory.obj (.sysmem)
                  20017008    00007ff8     --HOLE--

.data      0    2001f000    0000059c     UNINITIALIZED
                  2001f000    000004b0     main.obj (.data:patterns)
                  2001f4b0    0000003c     simplelink.a : nonos.obj (.data:g__SlNonOsCB)
                  2001f4ec    00000028     main.obj (.data)
                  2001f514    00000024     main.obj (.data:letters)
                  2001f538    00000014     gpio_if.obj (.data:ulReg)
                  2001f54c    0000000d     simplelink.a : driver.obj (.data)
                  2001f559    00000003     --HOLE--
                  2001f55c    0000000c     rtsv7M4_T_le_eabi.lib : exit.obj (.data:$O1$$)
                  2001f568    0000000c                           : memory.obj (.data:$O1$$)
                  2001f574    0000000c     gpio_if.obj (.data)
                  2001f580    00000009     simplelink.a : cc_pal.obj (.data)
                  2001f589    00000003     --HOLE--
                  2001f58c    00000008     rtsv7M4_T_le_eabi.lib : _lock.obj (.data:$O1$$)
                  2001f594    00000004                           : errno.obj (.data)
                  2001f598    00000004                           : stkdepth_vars.obj (.data)

.bss       0    2001f59c    0000026c     UNINITIALIZED
                  2001f59c    00000168     simplelink.a : driver.obj (.bss:g_StatMem)
                  2001f704    00000050     (.common:g_ucDinDout)
                  2001f754    00000030     (.common:checker)
                  2001f784    0000002c     (.common:g_time)
                  2001f7b0    00000024     (.common:g_ucConnectionSSID)
                  2001f7d4    00000008     (.common:g_ucConnectionBSSID)
                  2001f7dc    00000004     uart_if.obj (.bss)
                  2001f7e0    00000004     (.common:button)
                  2001f7e4    00000004     (.common:char_i)
                  2001f7e8    00000004     (.common:i)
                  2001f7ec    00000004     (.common:message)
                  2001f7f0    00000004     (.common:message_i)
                  2001f7f4    00000004     (.common:prev_button)
                  2001f7f8    00000004     (.common:s)
                  2001f7fc    00000004     (.common:start)
                  2001f800    00000001     (.common:RxIrqCnt)
                  2001f801    00000001     (.common:done)
                  2001f802    00000001     (.common:g_bDeviceRestartIsRequired)
                  2001f803    00000001     (.common:g_cDummy)
                  2001f804    00000001     (.common:g_ucLED1Pin)
                  2001f805    00000001     (.common:g_ucLED2Pin)
                  2001f806    00000001     (.common:g_ucLED3Pin)
                  2001f807    00000001     (.common:t)

.stack     0    2002f000    00001000     UNINITIALIZED
                  2002f000    00001000     --HOLE--

MODULE SUMMARY

       Module                     code    ro data   rw data
       ------                     ----    -------   -------
    .\
       main.obj                   6312    201       1446   
       startup_ccs.obj            14      1024      0      
       gpio_if.obj                920     0         35     
       uart_if.obj                640     0         4      
       timer_if.obj               408     0         0      
       pin_mux_config.obj         184     0         0      
    +--+--------------------------+-------+---------+---------+
       Total:                     8478    1225      1485   
                                                           
    C:/ti/CC3200SDK_1.3.0/cc3200-sdk/driverlib/ccs/Release/driverlib.a
       prcm.obj                   852     168       0      
       interrupt.obj              608     340       0      
       spi.obj                    798     60        0      
       udma.obj                   604     0         0      
       timer.obj                  586     0         0      
       pin.obj                    274     256       0      
       gpio.obj                   422     0         0      
       uart.obj                   284     0         0      
       cpu.obj                    20      0         0      
       utils.obj                  6       0         0      
    +--+--------------------------+-------+---------+---------+
       Total:                     4454    824       0      
                                                           
    C:/ti/CC3200SDK_1.3.0/cc3200-sdk/simplelink/ccs/NON_OS/simplelink.a
       driver.obj                 7714    184       375    
       cc_pal.obj                 1820    0         90     
       socket.obj                 1830    40        0      
       netapp.obj                 1572    12        0      
       wlan.obj                   1312    24        0      
       device.obj                 1230    20        0      
       nonos.obj                  416     20        60     
       netcfg.obj                 152     4         0      
    +--+--------------------------+-------+---------+---------+
       Total:                     16046   304       525    
                                                           
    C:\ti\ccsv7\tools\compiler\ti-cgt-arm_16.9.1.LTS\lib\rtsv7M4_T_le_eabi.lib
       _printfi.obj               4386    0         0      
       memory.obj                 976     0         12     
       ull_div_t2.obj             500     0         0      
       fd_add_t2.obj              438     0         0      
       fd_div_t2.obj              310     0         0      
       fd_cmp_t2.obj              268     0         0      
       ctype.obj                  0       257       0      
       fd_mul_t2.obj              252     0         0      
       s_scalbn.obj               208     0         0      
       memcpy_t2.obj              156     0         0      
       vsnprintf.obj              136     0         0      
       memset_t2.obj              122     0         0      
       autoinit.obj               112     0         0      
       copy_decompress_lzss.obj   104     0         0      
       exit.obj                   84      0         12     
       sprintf.obj                96      0         0      
       s_frexp.obj                92      0         0      
       ltoa.obj                   84      0         0      
       atoi.obj                   76      0         0      
       cpy_tbl.obj                76      0         0      
       fd_toi_t2.obj              72      0         0      
       boot.obj                   64      0         0      
       i_tofd_t2.obj              46      0         0      
       memmov.obj                 36      0         0      
       _lock.obj                  20      0         8      
       memccpy.obj                28      0         0      
       args_main.obj              24      0         0      
       strchr.obj                 22      0         0      
       strcpy.obj                 20      0         0      
       strlen.obj                 20      0         0      
       copy_decompress_none.obj   14      0         0      
       copy_zero_init.obj         12      0         0      
       s_copysign.obj             8       0         0      
       errno.obj                  0       0         4      
       pre_init.obj               4       0         0      
       stkdepth_vars.obj          0       0         4      
       mpu_init.obj               2       0         0      
       startup.obj                2       0         0      
    +--+--------------------------+-------+---------+---------+
       Total:                     8870    257       40     
                                                           
       Heap:                      0       0         32768  
       Stack:                     0       0         4096   
       Linker Generated:          0       236       0      
    +--+--------------------------+-------+---------+---------+
       Grand Total:               37848   2846      38914  


LINKER GENERATED COPY TABLES

__TI_cinit_table @ 2000df10 records: 2, size/record: 8, table size: 16
	.data: load addr=2000de30, load size=000000c8 bytes, run addr=2001f000, run size=0000059c bytes, compression=lzss
	.bss: load addr=2000df08, load size=00000008 bytes, run addr=2001f59c, run size=0000026c bytes, compression=zero_init


LINKER GENERATED HANDLER TABLE

__TI_handler_table @ 2000def8 records: 3, size/record: 4, table size: 12
	index: 0, handler: __TI_decompress_lzss
	index: 1, handler: __TI_decompress_none
	index: 2, handler: __TI_zero_init


GLOBAL SYMBOLS: SORTED ALPHABETICALLY BY Name 

address   name                                  
-------   ----                                  
2000c6a1  C$$EXIT                               
2000d6e9  CPUcpsie                              
20007b05  ClearTerm                             
2000d1b9  DmaSpiSwIntHandler                    
20007b0f  Error                                 
2000cebd  GPIODirModeSet                        
2000d6fd  GPIOIntClear                          
2000d4d1  GPIOIntEnable                         
2000d391  GPIOIntRegister                       
2000d249  GPIOIntStatus                         
2000bab9  GPIOIntTypeSet                        
2000d587  GPIOPinRead                           
2000d2d1  GPIOPinWrite                          
200079ed  GPIO_IF_ConfigureNIntEnable           
20007a79  GPIO_IF_Get                           
200079a7  GPIO_IF_GetPortNPin                   
20007769  GPIO_IF_LedConfigure                  
2000785b  GPIO_IF_LedOff                        
200077a7  GPIO_IF_LedOn                         
2000790f  GPIO_IF_LedStatus                     
20007979  GPIO_IF_LedToggle                     
20007a35  GPIO_IF_Set                           
20007b47  GetCmd                                
20007ac5  InitTerm                              
2000abb5  IntDisable                            
2000ac5d  IntEnable                             
2000d7d1  IntMasterEnable                       
2000c4f5  IntPendClear                          
2000c5a5  IntPrioritySet                        
2000d2f1  IntRegister                           
2000d1dd  IntUnregister                         
2000d711  IntVTableBaseSet                      
20007ae3  Message                               
2000d7ad  NwpMaskInterrupt                      
2000ce4d  NwpPowerOff                           
2000cfed  NwpPowerOn                            
2000d311  NwpPrePowerOffTimout0                 
2000cce1  NwpRegisterInterruptHandler           
2000d7b9  NwpUnMaskInterrupt                    
2000dbec  OpcodeTranslateTable                  
20009171  PRCMCC3200MCUInit                     
2000d691  PRCMHIBRegRead                        
2000d6a7  PRCMHIBRegWrite                       
2000d0f1  PRCMPeripheralClkDisable              
2000cd5d  PRCMPeripheralClkEnable               
2000b319  PRCMPeripheralClockGet                
2000c54d  PRCMPeripheralReset                   
2000cef5  PRCMPeripheralStatusGet               
2000d019  PRCMSysResetCauseGet                  
2000b819  PinConfigSet                          
2000cc21  PinModeSet                            
2000aa4d  PinMuxConfig                          
2000cf5d  PinTypeGPIO                           
2000d4eb  PinTypeUART                           
20007c85  Report                                
2000d79f  ResetISR                              
2001f800  RxIrqCnt                              
UNDEFED   SHT$$INIT_ARRAY$$Base                 
UNDEFED   SHT$$INIT_ARRAY$$Limit                
2000d59f  SPICSDisable                          
2000d5b7  SPICSEnable                           
2000ada9  SPIConfigSetExpClk                    
2000d5cf  SPIDisable                            
2000d505  SPIDmaDisable                         
2000d51f  SPIDmaEnable                          
2000d5e7  SPIEnable                             
2000d539  SPIFIFODisable                        
2000d553  SPIFIFOEnable                         
2000cf29  SPIFIFOLevelSet                       
2000c9f5  SPIIntClear                           
2000c799  SPIIntEnable                          
2000d56d  SPIIntUnregister                      
2000d26b  SPIReset                              
2000d28d  SPIWordCountSet                       
20004883  SimpleLinkGeneralEventHandler         
20004859  SimpleLinkHttpServerCallback          
200047b9  SimpleLinkNetAppEventHandler          
200048a5  SimpleLinkSockEventHandler            
2000467d  SimpleLinkWlanEventHandler            
2000cb11  TimerConfigure                        
2000d3af  TimerDisable                          
2000d3cd  TimerEnable                           
2000d331  TimerGetCurrentTimestamp              
2000d761  TimerIntClear                         
2000d5ff  TimerIntDisable                       
2000d617  TimerIntEnable                        
2000be9d  TimerIntRegister                      
2000d3eb  TimerIntStatus                        
2000c055  TimerIntUnregister                    
2000d09d  TimerLoadSet                          
2000d0c7  TimerPrescaleSet                      
2000d445  TimerValueGet                         
2000d2af  TimerValueSet                         
20008e03  Timer_IF_DeInit                       
20008e35  Timer_IF_GetCount                     
20008d3d  Timer_IF_Init                         
20008d6f  Timer_IF_IntSetup                     
20008dbb  Timer_IF_InterruptClear               
20008e1d  Timer_IF_ReLoad                       
20008dd3  Timer_IF_Start                        
20008df3  Timer_IF_Stop                         
20007bed  TrimSpace                             
2000d461  UARTCharGetNonBlocking                
2000d409  UARTCharPut                           
2000d62f  UARTCharsAvail                        
2000bdb1  UARTConfigSetExpClk                   
2000cf8d  UARTDisable                           
2000d201  UARTEnable                            
2000d7e3  UtilsDelay                            
2000dc28  _SlActionLookupTable                  
2000ad05  _SlDriverHandleError                  
2000ca3d  _SlDrvBasicCmd                        
2000a98d  _SlDrvCmdOp                           
2000bf7d  _SlDrvCmdSend                         
20008401  _SlDrvDataReadOp                      
20009459  _SlDrvDataWriteOp                     
2000af85  _SlDrvDeviceEventHandler              
2000d773  _SlDrvDispatchHttpServerEvents        
20009be5  _SlDrvDriverCBDeinit                  
2000896d  _SlDrvDriverCBInit                    
2000d119  _SlDrvGlobalObjUnLock                 
2000b675  _SlDrvIsTimeoutExpired                
2000d6bd  _SlDrvMemZero                         
2000a3b9  _SlDrvMsgReadSpawnCtx                 
20009d15  _SlDrvNetAppEventHandler              
2000d191  _SlDrvObjLockWaitForever              
2000d351  _SlDrvObjUnLock                       
2000c831  _SlDrvProtectAsyncRespSetting         
2000d071  _SlDrvProtectionObjLockWaitForever    
2000d141  _SlDrvProtectionObjUnLock             
200085e5  _SlDrvReleasePoolObj                  
2000d783  _SlDrvResetCmdExt                     
2000c5f9  _SlDrvRxIrqHandler                    
2000d47d  _SlDrvStartMeasureTimeout             
2000d371  _SlDrvSyncObjSignal                   
2000d169  _SlDrvSyncObjWaitForever              
2000cb55  _SlDrvSyncObjWaitTimeout              
20008e55  _SlDrvWaitForPoolObj                  
2000ddf2  _SlNetAppSendTokenValueCmdCtrl        
2000be29  _SlNonOsMainLoopTask                  
2000ab05  _SlNonOsSemGet                        
2000d647  _SlNonOsSemSet                        
2000c125  _SlNonOsSpawn                         
20030000  __STACK_END                           
00001000  __STACK_SIZE                          
00008000  __SYSMEM_SIZE                         
2000df10  __TI_CINIT_Base                       
2000df20  __TI_CINIT_Limit                      
2000def8  __TI_Handler_Table_Base               
2000df04  __TI_Handler_Table_Limit              
2000bf0d  __TI_auto_init                        
2001f55c  __TI_cleanup_ptr                      
2000c0bd  __TI_decompress_lzss                  
2000d791  __TI_decompress_none                  
2001f560  __TI_dtors_ptr                        
2001f564  __TI_enable_exit_profile_output       
ffffffff  __TI_pprof_out_hndl                   
200064e1  __TI_printfi                          
ffffffff  __TI_prof_data_size                   
ffffffff  __TI_prof_data_start                  
2000de30  __TI_static_base__                    
2000d7c5  __TI_zero_init                        
2000b929  __aeabi_cdcmpeq                       
2000b929  __aeabi_cdcmple                       
2000b9af  __aeabi_cdrcmple                      
2000ca85  __aeabi_d2iz                          
200087bf  __aeabi_dadd                          
20009979  __aeabi_ddiv                          
20009e19  __aeabi_dmul                          
200087b5  __aeabi_dsub                          
2000cfbd  __aeabi_i2d                           
2000bcbd  __aeabi_memclr                        
2000bcbd  __aeabi_memclr4                       
2000bcbd  __aeabi_memclr8                       
2000aee9  __aeabi_memcpy                        
2000aee9  __aeabi_memcpy4                       
2000aee9  __aeabi_memcpy8                       
2000bcbf  __aeabi_memset                        
2000bcbf  __aeabi_memset4                       
2000bcbf  __aeabi_memset8                       
2000820d  __aeabi_uldivmod                      
ffffffff  __binit__                             
ffffffff  __c_args__                            
2000896b  __mpu_init                            
2002f000  __stack                               
2000d679  _args_main                            
2000cca1  _c_int00                              
2000d7ec  _ctypes_                              
2001f58c  _lock                                 
2000d733  _nop                                  
2000d72b  _register_lock                        
2000d725  _register_unlock                      
2000c189  _sl_HandleAsync_Accept                
2000bb3d  _sl_HandleAsync_Connect               
2000b3ad  _sl_HandleAsync_DnsGetHostByName      
2000a731  _sl_HandleAsync_DnsGetHostByService   
2000b701  _sl_HandleAsync_InitComplete          
2000b43d  _sl_HandleAsync_PingResponse          
2000c64d  _sl_HandleAsync_Select                
2000c749  _sl_HandleAsync_Stop                  
2000bfe9  _sl_NetAppSendTokenValue              
20017000  _sys_memory                           
20009aaf  _system_post_cinit                    
2000d7e9  _system_pre_init                      
2001f590  _unlock                               
2000c6a5  abort                                 
2000c8c9  atoi                                  
ffffffff  binit                                 
2001f7e0  button                                
2001f504  cChar                                 
200076fd  calloc                                
2001f7e4  char_i                                
2001f754  checker                               
2000c915  copy_in                               
2000d7db  copysign                              
2000d7db  copysignl                             
2001f801  done                                  
2001f594  errno                                 
2000c6ad  exit                                  
20007447  free                                  
2000c499  frexp                                 
2000c499  frexpl                                
2001f4f8  g_Host                                
2001f54c  g_SlDeviceStatus                      
2001f580  g_SpiFd                               
2001f4b0  g__SlNonOsCB                          
2001f802  g_bDeviceRestartIsRequired            
2001f803  g_cDummy                              
2001f550  g_pCB                                 
2001f584  g_pHostIntHdl                         
20004000  g_pfnVectors                          
2001f784  g_time                                
2001f7d4  g_ucConnectionBSSID                   
2001f7b0  g_ucConnectionSSID                    
2001f588  g_ucDMAEnabled                        
2001f704  g_ucDinDout                           
2001f804  g_ucLED1Pin                           
2001f805  g_ucLED2Pin                           
2001f806  g_ucLED3Pin                           
2001f574  g_uiLED1Port                          
2001f578  g_uiLED2Port                          
2001f57c  g_uiLED3Port                          
2001f4f4  g_ulGatewayIP                         
2001f4f0  g_ulPingPacketsRecv                   
2001f4ec  g_ulStatus                            
2001f510  get                                   
2001f7e8  i                                     
2001f508  inc                                   
2000a661  ldexp                                 
2000a661  ldexpl                                
2001f514  letters                               
2000c6f5  ltoa                                  
20005599  main                                  
2001f598  main_func_sp                          
200073dd  malloc                                
20007611  memalign                              
2000d499  memccpy                               
2000aee9  memcpy                                
2000d225  memmove                               
2000bcc5  memset                                
2001f7ec  message                               
2001f7f0  message_i                             
2000735d  minit                                 
2001f554  pPingCallBackFunc                     
2001f000  patterns                              
2001f4fc  pin_intflag                           
2001f7f4  prev_button                           
2000526d  printErrConvenience                   
200044bd  print_button                          
200045f7  print_char                            
2001f500  print_flag                            
20007509  realloc                               
2001f7f8  s                                     
2000a661  scalbn                                
2000a661  scalbnl                               
2000cd99  simplelink_timerA2_start              
2000c379  sl_Close                              
20008fe5  sl_Connect                            
2000a7fd  sl_DevGet                             
2000b021  sl_DevSet                             
2000cbdd  sl_Htonl                              
2000cdd5  sl_Htons                              
20009835  sl_NetAppDnsGetHostByName             
2000a4a1  sl_NetAppMDNSRegisterUnregisterService
2000c1ed  sl_NetAppMDNSUnRegisterService        
2000b0b9  sl_NetCfgSet                          
2000ae49  sl_Recv                               
20009ab1  sl_Send                               
2000b151  sl_SetSockOpt                         
2000b78d  sl_Socket                             
2000a1e5  sl_Start                              
20009f15  sl_Stop                               
20007d45  sl_WlanConnect                        
2000ce85  sl_WlanDisconnect                     
2000b4cd  sl_WlanPolicySet                      
2000c3d9  sl_WlanProfileDel                     
2000ba35  sl_WlanRxFilterSet                    
2000b1e9  sl_WlanSet                            
2000c439  sl_WlanSetMode                        
2000bd39  spi_Close                             
200095a9  spi_Open                              
2000a005  spi_Read                              
2000b281  spi_Write                             
2000c319  sprintf                               
2001f7fc  start                                 
2000d6d3  strchr                                
2000d739  strcpy                                
2000d74d  strlen                                
2001f807  t                                     
200045f9  timer_int_handler                     
2001f50c  transmit                              
2000c961  uDMAChannelAssign                     
2000c251  uDMAChannelAttributeDisable           
2000c2b5  uDMAChannelAttributeEnable            
2000ce11  uDMAChannelControlSet                 
2000d4b5  uDMAChannelEnable                     
2000a0f5  uDMAChannelTransferSet                
2000b8a1  vsnprintf                             


GLOBAL SYMBOLS: SORTED BY Symbol Address 

address   name                                  
-------   ----                                  
00001000  __STACK_SIZE                          
00008000  __SYSMEM_SIZE                         
20004000  g_pfnVectors                          
200044bd  print_button                          
200045f7  print_char                            
200045f9  timer_int_handler                     
2000467d  SimpleLinkWlanEventHandler            
200047b9  SimpleLinkNetAppEventHandler          
20004859  SimpleLinkHttpServerCallback          
20004883  SimpleLinkGeneralEventHandler         
200048a5  SimpleLinkSockEventHandler            
2000526d  printErrConvenience                   
20005599  main                                  
200064e1  __TI_printfi                          
2000735d  minit                                 
200073dd  malloc                                
20007447  free                                  
20007509  realloc                               
20007611  memalign                              
200076fd  calloc                                
20007769  GPIO_IF_LedConfigure                  
200077a7  GPIO_IF_LedOn                         
2000785b  GPIO_IF_LedOff                        
2000790f  GPIO_IF_LedStatus                     
20007979  GPIO_IF_LedToggle                     
200079a7  GPIO_IF_GetPortNPin                   
200079ed  GPIO_IF_ConfigureNIntEnable           
20007a35  GPIO_IF_Set                           
20007a79  GPIO_IF_Get                           
20007ac5  InitTerm                              
20007ae3  Message                               
20007b05  ClearTerm                             
20007b0f  Error                                 
20007b47  GetCmd                                
20007bed  TrimSpace                             
20007c85  Report                                
20007d45  sl_WlanConnect                        
2000820d  __aeabi_uldivmod                      
20008401  _SlDrvDataReadOp                      
200085e5  _SlDrvReleasePoolObj                  
200087b5  __aeabi_dsub                          
200087bf  __aeabi_dadd                          
2000896b  __mpu_init                            
2000896d  _SlDrvDriverCBInit                    
20008d3d  Timer_IF_Init                         
20008d6f  Timer_IF_IntSetup                     
20008dbb  Timer_IF_InterruptClear               
20008dd3  Timer_IF_Start                        
20008df3  Timer_IF_Stop                         
20008e03  Timer_IF_DeInit                       
20008e1d  Timer_IF_ReLoad                       
20008e35  Timer_IF_GetCount                     
20008e55  _SlDrvWaitForPoolObj                  
20008fe5  sl_Connect                            
20009171  PRCMCC3200MCUInit                     
20009459  _SlDrvDataWriteOp                     
200095a9  spi_Open                              
20009835  sl_NetAppDnsGetHostByName             
20009979  __aeabi_ddiv                          
20009aaf  _system_post_cinit                    
20009ab1  sl_Send                               
20009be5  _SlDrvDriverCBDeinit                  
20009d15  _SlDrvNetAppEventHandler              
20009e19  __aeabi_dmul                          
20009f15  sl_Stop                               
2000a005  spi_Read                              
2000a0f5  uDMAChannelTransferSet                
2000a1e5  sl_Start                              
2000a3b9  _SlDrvMsgReadSpawnCtx                 
2000a4a1  sl_NetAppMDNSRegisterUnregisterService
2000a661  ldexp                                 
2000a661  ldexpl                                
2000a661  scalbn                                
2000a661  scalbnl                               
2000a731  _sl_HandleAsync_DnsGetHostByService   
2000a7fd  sl_DevGet                             
2000a98d  _SlDrvCmdOp                           
2000aa4d  PinMuxConfig                          
2000ab05  _SlNonOsSemGet                        
2000abb5  IntDisable                            
2000ac5d  IntEnable                             
2000ad05  _SlDriverHandleError                  
2000ada9  SPIConfigSetExpClk                    
2000ae49  sl_Recv                               
2000aee9  __aeabi_memcpy                        
2000aee9  __aeabi_memcpy4                       
2000aee9  __aeabi_memcpy8                       
2000aee9  memcpy                                
2000af85  _SlDrvDeviceEventHandler              
2000b021  sl_DevSet                             
2000b0b9  sl_NetCfgSet                          
2000b151  sl_SetSockOpt                         
2000b1e9  sl_WlanSet                            
2000b281  spi_Write                             
2000b319  PRCMPeripheralClockGet                
2000b3ad  _sl_HandleAsync_DnsGetHostByName      
2000b43d  _sl_HandleAsync_PingResponse          
2000b4cd  sl_WlanPolicySet                      
2000b675  _SlDrvIsTimeoutExpired                
2000b701  _sl_HandleAsync_InitComplete          
2000b78d  sl_Socket                             
2000b819  PinConfigSet                          
2000b8a1  vsnprintf                             
2000b929  __aeabi_cdcmpeq                       
2000b929  __aeabi_cdcmple                       
2000b9af  __aeabi_cdrcmple                      
2000ba35  sl_WlanRxFilterSet                    
2000bab9  GPIOIntTypeSet                        
2000bb3d  _sl_HandleAsync_Connect               
2000bcbd  __aeabi_memclr                        
2000bcbd  __aeabi_memclr4                       
2000bcbd  __aeabi_memclr8                       
2000bcbf  __aeabi_memset                        
2000bcbf  __aeabi_memset4                       
2000bcbf  __aeabi_memset8                       
2000bcc5  memset                                
2000bd39  spi_Close                             
2000bdb1  UARTConfigSetExpClk                   
2000be29  _SlNonOsMainLoopTask                  
2000be9d  TimerIntRegister                      
2000bf0d  __TI_auto_init                        
2000bf7d  _SlDrvCmdSend                         
2000bfe9  _sl_NetAppSendTokenValue              
2000c055  TimerIntUnregister                    
2000c0bd  __TI_decompress_lzss                  
2000c125  _SlNonOsSpawn                         
2000c189  _sl_HandleAsync_Accept                
2000c1ed  sl_NetAppMDNSUnRegisterService        
2000c251  uDMAChannelAttributeDisable           
2000c2b5  uDMAChannelAttributeEnable            
2000c319  sprintf                               
2000c379  sl_Close                              
2000c3d9  sl_WlanProfileDel                     
2000c439  sl_WlanSetMode                        
2000c499  frexp                                 
2000c499  frexpl                                
2000c4f5  IntPendClear                          
2000c54d  PRCMPeripheralReset                   
2000c5a5  IntPrioritySet                        
2000c5f9  _SlDrvRxIrqHandler                    
2000c64d  _sl_HandleAsync_Select                
2000c6a1  C$$EXIT                               
2000c6a5  abort                                 
2000c6ad  exit                                  
2000c6f5  ltoa                                  
2000c749  _sl_HandleAsync_Stop                  
2000c799  SPIIntEnable                          
2000c831  _SlDrvProtectAsyncRespSetting         
2000c8c9  atoi                                  
2000c915  copy_in                               
2000c961  uDMAChannelAssign                     
2000c9f5  SPIIntClear                           
2000ca3d  _SlDrvBasicCmd                        
2000ca85  __aeabi_d2iz                          
2000cb11  TimerConfigure                        
2000cb55  _SlDrvSyncObjWaitTimeout              
2000cbdd  sl_Htonl                              
2000cc21  PinModeSet                            
2000cca1  _c_int00                              
2000cce1  NwpRegisterInterruptHandler           
2000cd5d  PRCMPeripheralClkEnable               
2000cd99  simplelink_timerA2_start              
2000cdd5  sl_Htons                              
2000ce11  uDMAChannelControlSet                 
2000ce4d  NwpPowerOff                           
2000ce85  sl_WlanDisconnect                     
2000cebd  GPIODirModeSet                        
2000cef5  PRCMPeripheralStatusGet               
2000cf29  SPIFIFOLevelSet                       
2000cf5d  PinTypeGPIO                           
2000cf8d  UARTDisable                           
2000cfbd  __aeabi_i2d                           
2000cfed  NwpPowerOn                            
2000d019  PRCMSysResetCauseGet                  
2000d071  _SlDrvProtectionObjLockWaitForever    
2000d09d  TimerLoadSet                          
2000d0c7  TimerPrescaleSet                      
2000d0f1  PRCMPeripheralClkDisable              
2000d119  _SlDrvGlobalObjUnLock                 
2000d141  _SlDrvProtectionObjUnLock             
2000d169  _SlDrvSyncObjWaitForever              
2000d191  _SlDrvObjLockWaitForever              
2000d1b9  DmaSpiSwIntHandler                    
2000d1dd  IntUnregister                         
2000d201  UARTEnable                            
2000d225  memmove                               
2000d249  GPIOIntStatus                         
2000d26b  SPIReset                              
2000d28d  SPIWordCountSet                       
2000d2af  TimerValueSet                         
2000d2d1  GPIOPinWrite                          
2000d2f1  IntRegister                           
2000d311  NwpPrePowerOffTimout0                 
2000d331  TimerGetCurrentTimestamp              
2000d351  _SlDrvObjUnLock                       
2000d371  _SlDrvSyncObjSignal                   
2000d391  GPIOIntRegister                       
2000d3af  TimerDisable                          
2000d3cd  TimerEnable                           
2000d3eb  TimerIntStatus                        
2000d409  UARTCharPut                           
2000d445  TimerValueGet                         
2000d461  UARTCharGetNonBlocking                
2000d47d  _SlDrvStartMeasureTimeout             
2000d499  memccpy                               
2000d4b5  uDMAChannelEnable                     
2000d4d1  GPIOIntEnable                         
2000d4eb  PinTypeUART                           
2000d505  SPIDmaDisable                         
2000d51f  SPIDmaEnable                          
2000d539  SPIFIFODisable                        
2000d553  SPIFIFOEnable                         
2000d56d  SPIIntUnregister                      
2000d587  GPIOPinRead                           
2000d59f  SPICSDisable                          
2000d5b7  SPICSEnable                           
2000d5cf  SPIDisable                            
2000d5e7  SPIEnable                             
2000d5ff  TimerIntDisable                       
2000d617  TimerIntEnable                        
2000d62f  UARTCharsAvail                        
2000d647  _SlNonOsSemSet                        
2000d679  _args_main                            
2000d691  PRCMHIBRegRead                        
2000d6a7  PRCMHIBRegWrite                       
2000d6bd  _SlDrvMemZero                         
2000d6d3  strchr                                
2000d6e9  CPUcpsie                              
2000d6fd  GPIOIntClear                          
2000d711  IntVTableBaseSet                      
2000d725  _register_unlock                      
2000d72b  _register_lock                        
2000d733  _nop                                  
2000d739  strcpy                                
2000d74d  strlen                                
2000d761  TimerIntClear                         
2000d773  _SlDrvDispatchHttpServerEvents        
2000d783  _SlDrvResetCmdExt                     
2000d791  __TI_decompress_none                  
2000d79f  ResetISR                              
2000d7ad  NwpMaskInterrupt                      
2000d7b9  NwpUnMaskInterrupt                    
2000d7c5  __TI_zero_init                        
2000d7d1  IntMasterEnable                       
2000d7db  copysign                              
2000d7db  copysignl                             
2000d7e3  UtilsDelay                            
2000d7e9  _system_pre_init                      
2000d7ec  _ctypes_                              
2000dbec  OpcodeTranslateTable                  
2000dc28  _SlActionLookupTable                  
2000ddf2  _SlNetAppSendTokenValueCmdCtrl        
2000de30  __TI_static_base__                    
2000def8  __TI_Handler_Table_Base               
2000df04  __TI_Handler_Table_Limit              
2000df10  __TI_CINIT_Base                       
2000df20  __TI_CINIT_Limit                      
20017000  _sys_memory                           
2001f000  patterns                              
2001f4b0  g__SlNonOsCB                          
2001f4ec  g_ulStatus                            
2001f4f0  g_ulPingPacketsRecv                   
2001f4f4  g_ulGatewayIP                         
2001f4f8  g_Host                                
2001f4fc  pin_intflag                           
2001f500  print_flag                            
2001f504  cChar                                 
2001f508  inc                                   
2001f50c  transmit                              
2001f510  get                                   
2001f514  letters                               
2001f54c  g_SlDeviceStatus                      
2001f550  g_pCB                                 
2001f554  pPingCallBackFunc                     
2001f55c  __TI_cleanup_ptr                      
2001f560  __TI_dtors_ptr                        
2001f564  __TI_enable_exit_profile_output       
2001f574  g_uiLED1Port                          
2001f578  g_uiLED2Port                          
2001f57c  g_uiLED3Port                          
2001f580  g_SpiFd                               
2001f584  g_pHostIntHdl                         
2001f588  g_ucDMAEnabled                        
2001f58c  _lock                                 
2001f590  _unlock                               
2001f594  errno                                 
2001f598  main_func_sp                          
2001f704  g_ucDinDout                           
2001f754  checker                               
2001f784  g_time                                
2001f7b0  g_ucConnectionSSID                    
2001f7d4  g_ucConnectionBSSID                   
2001f7e0  button                                
2001f7e4  char_i                                
2001f7e8  i                                     
2001f7ec  message                               
2001f7f0  message_i                             
2001f7f4  prev_button                           
2001f7f8  s                                     
2001f7fc  start                                 
2001f800  RxIrqCnt                              
2001f801  done                                  
2001f802  g_bDeviceRestartIsRequired            
2001f803  g_cDummy                              
2001f804  g_ucLED1Pin                           
2001f805  g_ucLED2Pin                           
2001f806  g_ucLED3Pin                           
2001f807  t                                     
2002f000  __stack                               
20030000  __STACK_END                           
ffffffff  __TI_pprof_out_hndl                   
ffffffff  __TI_prof_data_size                   
ffffffff  __TI_prof_data_start                  
ffffffff  __binit__                             
ffffffff  __c_args__                            
ffffffff  binit                                 
UNDEFED   SHT$$INIT_ARRAY$$Base                 
UNDEFED   SHT$$INIT_ARRAY$$Limit                

[318 symbols]
